<html>
<body>
<pre>
<h1>µVision Build Log</h1>
<h2>Tool Versions:</h2>
IDE-Version: ¦ÌVision V5.25.0.0
Copyright (C) 2017 ARM Ltd and ARM Germany GmbH. All rights reserved.
License Information: wzh 3307099883@qq.com, ddwf, LIC=47GU5-GTFJ0-74RS0-B53GS-JTC5J-PV362
 
Tool Versions:
Toolchain:       MDK-ARM Plus  Version: 5.25.0.0
Toolchain Path:  D:\KEIL5\ARM\ARMCC\Bin
C Compiler:      Armcc.exe V5.06 update 6 (build 750)
Assembler:       Armasm.exe V5.06 update 6 (build 750)
Linker/Locator:  ArmLink.exe V5.06 update 6 (build 750)
Library Manager: ArmAr.exe V5.06 update 6 (build 750)
Hex Converter:   FromElf.exe V5.06 update 6 (build 750)
CPU DLL:         SARMCM3.DLL V5.25.0.0
Dialog DLL:      DCM.DLL V1.17.0.0
Target DLL:      STLink\ST-LINKIII-KEIL_SWO.dll V3.0.1.0
Dialog DLL:      TCM.DLL V1.34.0.0
 
<h2>Project:</h2>
C:\Users\33070\Desktop\STM32 _WORK\OLED_show\OLED_show\MDK-ARM\OLED_show.uvprojx
Project File Date:  11/04/2025

<h2>Output:</h2>
*** Using Compiler 'V5.06 update 6 (build 750)', folder: 'D:\KEIL5\ARM\ARMCC\Bin'
Rebuild target 'OLED_show'
assembling startup_stm32f103xb.s...
compiling stm32f1xx_it.c...
compiling i2c.c...
compiling tim.c...
compiling stm32f1xx_hal_msp.c...
compiling stm32f1xx_hal_gpio_ex.c...
compiling gpio.c...
compiling stm32f1xx_hal.c...
compiling stm32f1xx_hal_rcc.c...
compiling stm32_u8g2.c...
compiling main.c...
compiling stm32f1xx_hal_i2c.c...
compiling stm32f1xx_hal_gpio.c...
compiling stm32f1xx_hal_dma.c...
compiling stm32f1xx_hal_pwr.c...
compiling stm32f1xx_hal_flash_ex.c...
compiling stm32f1xx_hal_cortex.c...
compiling stm32f1xx_hal_rcc_ex.c...
compiling stm32f1xx_hal_flash.c...
compiling u8g2_d_memory.c...
compiling stm32f1xx_hal_exti.c...
compiling mui.c...
compiling u8g2_arc.c...
compiling u8g2_button.c...
compiling stm32f1xx_hal_tim_ex.c...
compiling u8g2_box.c...
compiling u8g2_buffer.c...
compiling u8g2_bitmap.c...
compiling system_stm32f1xx.c...
compiling u8g2_cleardisplay.c...
compiling u8g2_circle.c...
compiling mui_u8g2.c...
compiling u8g2_intersection.c...
compiling u8g2_hvline.c...
compiling u8g2_input_value.c...
compiling u8g2_kerning.c...
compiling u8g2_line.c...
compiling u8g2_ll_hvline.c...
compiling u8g2_font.c...
compiling u8g2_message.c...
compiling u8log_u8x8.c...
compiling u8log.c...
compiling u8x8_8x8.c...
compiling u8g2_selection_list.c...
compiling u8g2_polygon.c...
compiling stm32f1xx_hal_tim.c...
compiling u8x8_byte.c...
compiling u8g2_setup.c...
..\..\..\..\..\Downloads\u8g2-master\u8g2-master\csrc\u8g2_setup.c(469): warning:  #1-D: last line of file ends without a newline
    
..\..\..\..\..\Downloads\u8g2-master\u8g2-master\csrc\u8g2_setup.c: 1 warning, 0 errors
compiling u8log_u8g2.c...
compiling u8x8_capture.c...
..\..\..\..\..\Downloads\u8g2-master\u8g2-master\csrc\u8x8_capture.c(254): warning:  #1-D: last line of file ends without a newline
  #endif
..\..\..\..\..\Downloads\u8g2-master\u8g2-master\csrc\u8x8_capture.c: 1 warning, 0 errors
compiling u8x8_cad.c...
compiling u8x8_debounce.c...
compiling u8x8_message.c...
compiling u8x8_gpio.c...
..\..\..\..\..\Downloads\u8g2-master\u8g2-master\csrc\u8x8_gpio.c(50): warning:  #1-D: last line of file ends without a newline
  */
..\..\..\..\..\Downloads\u8g2-master\u8g2-master\csrc\u8x8_gpio.c: 1 warning, 0 errors
compiling u8x8_input_value.c...
compiling u8x8_setup.c...
compiling u8x8_selection_list.c...
compiling u8x8_d_ssd1306_128x64_noname.c...
compiling u8x8_display.c...
..\..\..\..\..\Downloads\u8g2-master\u8g2-master\csrc\u8x8_display.c(203): warning:  #1-D: last line of file ends without a newline
  }
..\..\..\..\..\Downloads\u8g2-master\u8g2-master\csrc\u8x8_display.c: 1 warning, 0 errors
compiling u8x8_string.c...
compiling u8g2_d_setup.c...
compiling u8x8_fonts.c...
compiling u8x8_u8toa.c...
compiling u8x8_u16toa.c...
compiling test.c...
compiling u8g2_fonts.c...
linking...
Program Size: Code=14584 RO-data=26704 RW-data=28 ZI-data=2940  
FromELF: creating hex file...
"OLED_show\OLED_show.axf" - 0 Error(s), 4 Warning(s).

<h2>Software Packages used:</h2>

Package Vendor: ARM
                http://www.keil.com/pack/ARM.CMSIS.5.2.0.pack
                ARM.CMSIS.5.2.0
                CMSIS (Cortex Microcontroller Software Interface Standard)
   * Component: CORE Version: 5.0.2

Package Vendor: Keil
                https://www.keil.com/pack/Keil.STM32F1xx_DFP.2.4.1.pack
                Keil.STM32F1xx_DFP.2.4.1
                STMicroelectronics STM32F1 Series Device Support, Drivers and Examples

<h2>Collection of Component include folders:</h2>
  .\RTE\_OLED_show
  D:\KEIL5\ARM\CMSIS\5.2.0\CMSIS\Include
  D:\KEIL5\Keil\STM32F1xx_DFP\2.4.1\Device\Include

<h2>Collection of Component Files used:</h2>

   * Component: ARM::CMSIS:CORE:5.0.2
Build Time Elapsed:  00:00:07
</pre>
</body>
</html>
