Component: ARM Compiler 5.06 update 6 (build 750) Tool: armlink [4d35ed]

==============================================================================

Section Cross References

    startup_stm32f103xb.o(STACK) refers (Special) to heapauxi.o(.text) for __use_two_region_memory
    startup_stm32f103xb.o(HEAP) refers (Special) to heapauxi.o(.text) for __use_two_region_memory
    startup_stm32f103xb.o(RESET) refers (Special) to heapauxi.o(.text) for __use_two_region_memory
    startup_stm32f103xb.o(RESET) refers to startup_stm32f103xb.o(STACK) for __initial_sp
    startup_stm32f103xb.o(RESET) refers to startup_stm32f103xb.o(.text) for Reset_Handler
    startup_stm32f103xb.o(RESET) refers to stm32f1xx_it.o(i.NMI_Handler) for NMI_Handler
    startup_stm32f103xb.o(RESET) refers to stm32f1xx_it.o(i.HardFault_Handler) for HardFault_Handler
    startup_stm32f103xb.o(RESET) refers to stm32f1xx_it.o(i.MemManage_Handler) for MemManage_Handler
    startup_stm32f103xb.o(RESET) refers to stm32f1xx_it.o(i.BusFault_Handler) for BusFault_Handler
    startup_stm32f103xb.o(RESET) refers to stm32f1xx_it.o(i.UsageFault_Handler) for UsageFault_Handler
    startup_stm32f103xb.o(RESET) refers to stm32f1xx_it.o(i.SVC_Handler) for SVC_Handler
    startup_stm32f103xb.o(RESET) refers to stm32f1xx_it.o(i.DebugMon_Handler) for DebugMon_Handler
    startup_stm32f103xb.o(RESET) refers to stm32f1xx_it.o(i.PendSV_Handler) for PendSV_Handler
    startup_stm32f103xb.o(RESET) refers to stm32f1xx_it.o(i.SysTick_Handler) for SysTick_Handler
    startup_stm32f103xb.o(.text) refers (Special) to heapauxi.o(.text) for __use_two_region_memory
    startup_stm32f103xb.o(.text) refers to system_stm32f1xx.o(i.SystemInit) for SystemInit
    startup_stm32f103xb.o(.text) refers to __main.o(!!!main) for __main
    startup_stm32f103xb.o(.text) refers to startup_stm32f103xb.o(HEAP) for Heap_Mem
    startup_stm32f103xb.o(.text) refers to startup_stm32f103xb.o(STACK) for Stack_Mem
    main.o(i.SystemClock_Config) refers to rt_memclr_w.o(.text) for __aeabi_memclr4
    main.o(i.SystemClock_Config) refers to stm32f1xx_hal_rcc.o(i.HAL_RCC_OscConfig) for HAL_RCC_OscConfig
    main.o(i.SystemClock_Config) refers to stm32f1xx_hal_rcc.o(i.HAL_RCC_ClockConfig) for HAL_RCC_ClockConfig
    main.o(i.main) refers to stm32f1xx_hal.o(i.HAL_Init) for HAL_Init
    main.o(i.main) refers to main.o(i.SystemClock_Config) for SystemClock_Config
    main.o(i.main) refers to gpio.o(i.MX_GPIO_Init) for MX_GPIO_Init
    main.o(i.main) refers to i2c.o(i.MX_I2C2_Init) for MX_I2C2_Init
    main.o(i.main) refers to tim.o(i.MX_TIM1_Init) for MX_TIM1_Init
    main.o(i.main) refers to stm32_u8g2.o(i.u8g2Init) for u8g2Init
    main.o(i.main) refers to u8g2_buffer.o(i.u8g2_FirstPage) for u8g2_FirstPage
    main.o(i.main) refers to stm32_u8g2.o(i.draw) for draw
    main.o(i.main) refers to test.o(i.u8g2DrawTest) for u8g2DrawTest
    main.o(i.main) refers to u8g2_buffer.o(i.u8g2_NextPage) for u8g2_NextPage
    main.o(i.main) refers to stm32_u8g2.o(i.displayIdName) for displayIdName
    main.o(i.main) refers to stm32_u8g2.o(i.slideLeftRight) for slideLeftRight
    main.o(i.main) refers to stm32_u8g2.o(i.slideUpDown) for slideUpDown
    i2c.o(i.HAL_I2C_MspDeInit) refers to stm32f1xx_hal_gpio.o(i.HAL_GPIO_DeInit) for HAL_GPIO_DeInit
    i2c.o(i.HAL_I2C_MspInit) refers to stm32f1xx_hal_gpio.o(i.HAL_GPIO_Init) for HAL_GPIO_Init
    i2c.o(i.MX_I2C2_Init) refers to stm32f1xx_hal_i2c.o(i.HAL_I2C_Init) for HAL_I2C_Init
    i2c.o(i.MX_I2C2_Init) refers to main.o(i.Error_Handler) for Error_Handler
    i2c.o(i.MX_I2C2_Init) refers to i2c.o(.bss) for .bss
    tim.o(i.MX_TIM1_Init) refers to stm32f1xx_hal_tim.o(i.HAL_TIM_Base_Init) for HAL_TIM_Base_Init
    tim.o(i.MX_TIM1_Init) refers to main.o(i.Error_Handler) for Error_Handler
    tim.o(i.MX_TIM1_Init) refers to stm32f1xx_hal_tim.o(i.HAL_TIM_ConfigClockSource) for HAL_TIM_ConfigClockSource
    tim.o(i.MX_TIM1_Init) refers to stm32f1xx_hal_tim_ex.o(i.HAL_TIMEx_MasterConfigSynchronization) for HAL_TIMEx_MasterConfigSynchronization
    tim.o(i.MX_TIM1_Init) refers to tim.o(.bss) for .bss
    stm32f1xx_it.o(i.SysTick_Handler) refers to stm32f1xx_hal.o(i.HAL_IncTick) for HAL_IncTick
    stm32_u8g2.o(i.displayIdName) refers to u8g2_buffer.o(i.u8g2_ClearBuffer) for u8g2_ClearBuffer
    stm32_u8g2.o(i.displayIdName) refers to u8g2_font.o(i.u8g2_SetFont) for u8g2_SetFont
    stm32_u8g2.o(i.displayIdName) refers to u8g2_font.o(i.u8g2_DrawStr) for u8g2_DrawStr
    stm32_u8g2.o(i.displayIdName) refers to u8g2_buffer.o(i.u8g2_SendBuffer) for u8g2_SendBuffer
    stm32_u8g2.o(i.displayIdName) refers to stm32f1xx_hal.o(i.HAL_Delay) for HAL_Delay
    stm32_u8g2.o(i.displayIdName) refers to u8g2_fonts.o(.constdata) for u8g2_font_ncenB12_tf
    stm32_u8g2.o(i.draw) refers to u8g2_buffer.o(i.u8g2_ClearBuffer) for u8g2_ClearBuffer
    stm32_u8g2.o(i.draw) refers to u8g2_font.o(i.u8g2_SetFontMode) for u8g2_SetFontMode
[...]
    i.HAL_Init                               0x08000a10   Section        0  stm32f1xx_hal.o(i.HAL_Init)
    i.HAL_InitTick                           0x08000a34   Section        0  stm32f1xx_hal.o(i.HAL_InitTick)
    i.HAL_MspInit                            0x08000a74   Section        0  stm32f1xx_hal_msp.o(i.HAL_MspInit)
    i.HAL_NVIC_SetPriority                   0x08000ab0   Section        0  stm32f1xx_hal_cortex.o(i.HAL_NVIC_SetPriority)
    i.HAL_NVIC_SetPriorityGrouping           0x08000af0   Section        0  stm32f1xx_hal_cortex.o(i.HAL_NVIC_SetPriorityGrouping)
    i.HAL_RCC_ClockConfig                    0x08000b14   Section        0  stm32f1xx_hal_rcc.o(i.HAL_RCC_ClockConfig)
    i.HAL_RCC_GetPCLK1Freq                   0x08000c40   Section        0  stm32f1xx_hal_rcc.o(i.HAL_RCC_GetPCLK1Freq)
    i.HAL_RCC_GetSysClockFreq                0x08000c60   Section        0  stm32f1xx_hal_rcc.o(i.HAL_RCC_GetSysClockFreq)
    i.HAL_RCC_OscConfig                      0x08000cac   Section        0  stm32f1xx_hal_rcc.o(i.HAL_RCC_OscConfig)
    i.HAL_SYSTICK_Config                     0x08000fcc   Section        0  stm32f1xx_hal_cortex.o(i.HAL_SYSTICK_Config)
    i.HAL_TIMEx_MasterConfigSynchronization  0x08000ff4   Section        0  stm32f1xx_hal_tim_ex.o(i.HAL_TIMEx_MasterConfigSynchronization)
    i.HAL_TIM_Base_Init                      0x0800105c   Section        0  stm32f1xx_hal_tim.o(i.HAL_TIM_Base_Init)
    i.HAL_TIM_Base_MspInit                   0x080010b8   Section        0  tim.o(i.HAL_TIM_Base_MspInit)
    i.HAL_TIM_ConfigClockSource              0x080010e0   Section        0  stm32f1xx_hal_tim.o(i.HAL_TIM_ConfigClockSource)
    i.HardFault_Handler                      0x080011bc   Section        0  stm32f1xx_it.o(i.HardFault_Handler)
    i.I2C_IsAcknowledgeFailed                0x080011be   Section        0  stm32f1xx_hal_i2c.o(i.I2C_IsAcknowledgeFailed)
    I2C_IsAcknowledgeFailed                  0x080011bf   Thumb Code    46  stm32f1xx_hal_i2c.o(i.I2C_IsAcknowledgeFailed)
    i.I2C_MasterRequestWrite                 0x080011ec   Section        0  stm32f1xx_hal_i2c.o(i.I2C_MasterRequestWrite)
    I2C_MasterRequestWrite                   0x080011ed   Thumb Code   150  stm32f1xx_hal_i2c.o(i.I2C_MasterRequestWrite)
    i.I2C_WaitOnBTFFlagUntilTimeout          0x08001288   Section        0  stm32f1xx_hal_i2c.o(i.I2C_WaitOnBTFFlagUntilTimeout)
    I2C_WaitOnBTFFlagUntilTimeout            0x08001289   Thumb Code    86  stm32f1xx_hal_i2c.o(i.I2C_WaitOnBTFFlagUntilTimeout)
    i.I2C_WaitOnFlagUntilTimeout             0x080012e0   Section        0  stm32f1xx_hal_i2c.o(i.I2C_WaitOnFlagUntilTimeout)
    I2C_WaitOnFlagUntilTimeout               0x080012e1   Thumb Code   144  stm32f1xx_hal_i2c.o(i.I2C_WaitOnFlagUntilTimeout)
    i.I2C_WaitOnMasterAddressFlagUntilTimeout 0x08001370   Section        0  stm32f1xx_hal_i2c.o(i.I2C_WaitOnMasterAddressFlagUntilTimeout)
    I2C_WaitOnMasterAddressFlagUntilTimeout  0x08001371   Thumb Code   188  stm32f1xx_hal_i2c.o(i.I2C_WaitOnMasterAddressFlagUntilTimeout)
    i.I2C_WaitOnTXEFlagUntilTimeout          0x0800142c   Section        0  stm32f1xx_hal_i2c.o(i.I2C_WaitOnTXEFlagUntilTimeout)
    I2C_WaitOnTXEFlagUntilTimeout            0x0800142d   Thumb Code    86  stm32f1xx_hal_i2c.o(i.I2C_WaitOnTXEFlagUntilTimeout)
    i.MX_GPIO_Init                           0x08001484   Section        0  gpio.o(i.MX_GPIO_Init)
    i.MX_I2C2_Init                           0x080014c0   Section        0  i2c.o(i.MX_I2C2_Init)
    i.MX_TIM1_Init                           0x08001500   Section        0  tim.o(i.MX_TIM1_Init)
    i.MemManage_Handler                      0x08001568   Section        0  stm32f1xx_it.o(i.MemManage_Handler)
    i.NMI_Handler                            0x0800156a   Section        0  stm32f1xx_it.o(i.NMI_Handler)
    i.PendSV_Handler                         0x0800156c   Section        0  stm32f1xx_it.o(i.PendSV_Handler)
    i.SVC_Handler                            0x0800156e   Section        0  stm32f1xx_it.o(i.SVC_Handler)
    i.SysTick_Handler                        0x08001570   Section        0  stm32f1xx_it.o(i.SysTick_Handler)
    i.SystemClock_Config                     0x08001574   Section        0  main.o(i.SystemClock_Config)
    i.SystemInit                             0x080015d2   Section        0  system_stm32f1xx.o(i.SystemInit)
    i.TIM_Base_SetConfig                     0x080015d4   Section        0  stm32f1xx_hal_tim.o(i.TIM_Base_SetConfig)
    i.TIM_ETR_SetConfig                      0x0800164c   Section        0  stm32f1xx_hal_tim.o(i.TIM_ETR_SetConfig)
    i.TIM_ITRx_SetConfig                     0x08001660   Section        0  stm32f1xx_hal_tim.o(i.TIM_ITRx_SetConfig)
    TIM_ITRx_SetConfig                       0x08001661   Thumb Code    16  stm32f1xx_hal_tim.o(i.TIM_ITRx_SetConfig)
    i.TIM_TI1_ConfigInputStage               0x08001670   Section        0  stm32f1xx_hal_tim.o(i.TIM_TI1_ConfigInputStage)
    TIM_TI1_ConfigInputStage                 0x08001671   Thumb Code    34  stm32f1xx_hal_tim.o(i.TIM_TI1_ConfigInputStage)
    i.TIM_TI2_ConfigInputStage               0x08001692   Section        0  stm32f1xx_hal_tim.o(i.TIM_TI2_ConfigInputStage)
    TIM_TI2_ConfigInputStage                 0x08001693   Thumb Code    36  stm32f1xx_hal_tim.o(i.TIM_TI2_ConfigInputStage)
    i.UsageFault_Handler                     0x080016b6   Section        0  stm32f1xx_it.o(i.UsageFault_Handler)
    i.__NVIC_SetPriority                     0x080016b8   Section        0  stm32f1xx_hal_cortex.o(i.__NVIC_SetPriority)
    __NVIC_SetPriority                       0x080016b9   Thumb Code    32  stm32f1xx_hal_cortex.o(i.__NVIC_SetPriority)
    i.displayIdName                          0x080016d8   Section        0  stm32_u8g2.o(i.displayIdName)
    i.draw                                   0x0800171c   Section        0  stm32_u8g2.o(i.draw)
    i.main                                   0x0800181c   Section        0  main.o(i.main)
    i.slideLeftRight                         0x08001868   Section        0  stm32_u8g2.o(i.slideLeftRight)
    i.slideUpDown                            0x080018b4   Section        0  stm32_u8g2.o(i.slideUpDown)
    i.testDrawMulti                          0x08001900   Section        0  test.o(i.testDrawMulti)
    i.testDrawProcess                        0x08001ab0   Section        0  test.o(i.testDrawProcess)
    i.testDrawXBM                            0x08001b74   Section        0  test.o(i.testDrawXBM)
    i.testShowFont                           0x08001bfc   Section        0  test.o(i.testShowFont)
    i.u8g2DrawTest                           0x08001c90   Section        0  test.o(i.u8g2DrawTest)
    i.u8g2Init                               0x08001cb0   Section        0  stm32_u8g2.o(i.u8g2Init)
    i.u8g2_ClearBuffer                       0x08001ce4   Section        0  u8g2_buffer.o(i.u8g2_ClearBuffer)
    i.u8g2_DrawBox                           0x08001cf6   Section        0  u8g2_box.o(i.u8g2_DrawBox)
    i.u8g2_DrawCircle                        0x08001d3a   Section        0  u8g2_circle.o(i.u8g2_DrawCircle)
    i.u8g2_DrawDisc                          0x08001d7a   Section        0  u8g2_circle.o(i.u8g2_DrawDisc)
    i.u8g2_DrawEllipse                       0x08001dba   Section        0  u8g2_circle.o(i.u8g2_DrawEllipse)
    i.u8g2_DrawFilledEllipse                 0x08001dfe   Section        0  u8g2_circle.o(i.u8g2_DrawFilledEllipse)
    i.u8g2_DrawFrame                         0x08001e42   Section        0  u8g2_box.o(i.u8g2_DrawFrame)
    i.u8g2_DrawGlyph                         0x08001eca   Section        0  u8g2_font.o(i.u8g2_DrawGlyph)
    i.u8g2_DrawHLine                         0x08001f3a   Section        0  u8g2_hvline.o(i.u8g2_DrawHLine)
    i.u8g2_DrawHVLine                        0x08001f48   Section        0  u8g2_hvline.o(i.u8g2_DrawHVLine)
    i.u8g2_DrawHXBM                          0x08001ff4   Section        0  u8g2_bitmap.o(i.u8g2_DrawHXBM)
    i.u8g2_DrawPixel                         0x080020a0   Section        0  u8g2_hvline.o(i.u8g2_DrawPixel)
    i.u8g2_DrawRBox                          0x080020ce   Section        0  u8g2_box.o(i.u8g2_DrawRBox)
    i.u8g2_DrawRFrame                        0x080021b4   Section        0  u8g2_box.o(i.u8g2_DrawRFrame)
    i.u8g2_DrawStr                           0x080022b8   Section        0  u8g2_font.o(i.u8g2_DrawStr)
    i.u8g2_DrawVLine                         0x080022c8   Section        0  u8g2_hvline.o(i.u8g2_DrawVLine)
    i.u8g2_DrawXBM                           0x080022d4   Section        0  u8g2_bitmap.o(i.u8g2_DrawXBM)
    i.u8g2_FirstPage                         0x08002320   Section        0  u8g2_buffer.o(i.u8g2_FirstPage)
    i.u8g2_IsIntersection                    0x0800233c   Section        0  u8g2_intersection.o(i.u8g2_IsIntersection)
    i.u8g2_NextPage                          0x0800236c   Section        0  u8g2_buffer.o(i.u8g2_NextPage)
    i.u8g2_SendBuffer                        0x080023aa   Section        0  u8g2_buffer.o(i.u8g2_SendBuffer)
    i.u8g2_SetBufferCurrTileRow              0x080023bc   Section        0  u8g2_buffer.o(i.u8g2_SetBufferCurrTileRow)
    i.u8g2_SetFont                           0x080023d8   Section        0  u8g2_font.o(i.u8g2_SetFont)
    i.u8g2_SetFontDirection                  0x080023f8   Section        0  u8g2_font.o(i.u8g2_SetFontDirection)
    i.u8g2_SetFontMode                       0x080023fe   Section        0  u8g2_font.o(i.u8g2_SetFontMode)
    i.u8g2_SetFontPosBaseline                0x08002404   Section        0  u8g2_font.o(i.u8g2_SetFontPosBaseline)
    i.u8g2_SetMaxClipWindow                  0x08002410   Section        0  u8g2_setup.o(i.u8g2_SetMaxClipWindow)
    i.u8g2_SetupBuffer                       0x0800242c   Section        0  u8g2_setup.o(i.u8g2_SetupBuffer)
    i.u8g2_Setup_ssd1306_i2c_128x64_noname_f 0x08002474   Section        0  u8g2_d_setup.o(i.u8g2_Setup_ssd1306_i2c_128x64_noname_f)
    i.u8g2_UpdateRefHeight                   0x080024ac   Section        0  u8g2_font.o(i.u8g2_UpdateRefHeight)
    i.u8g2_add_vector_x                      0x080024fe   Section        0  u8g2_font.o(i.u8g2_add_vector_x)
    i.u8g2_add_vector_y                      0x0800251a   Section        0  u8g2_font.o(i.u8g2_add_vector_y)
    i.u8g2_apply_clip_window                 0x08002536   Section        0  u8g2_setup.o(i.u8g2_apply_clip_window)
    u8g2_apply_clip_window                   0x08002537   Thumb Code   110  u8g2_setup.o(i.u8g2_apply_clip_window)
    i.u8g2_clip_intersection2                0x080025a4   Section        0  u8g2_hvline.o(i.u8g2_clip_intersection2)
    u8g2_clip_intersection2                  0x080025a5   Thumb Code    60  u8g2_hvline.o(i.u8g2_clip_intersection2)
    i.u8g2_draw_circle                       0x080025e0   Section        0  u8g2_circle.o(i.u8g2_draw_circle)
    u8g2_draw_circle                         0x080025e1   Thumb Code   106  u8g2_circle.o(i.u8g2_draw_circle)
    i.u8g2_draw_circle_section               0x0800264a   Section        0  u8g2_circle.o(i.u8g2_draw_circle_section)
    u8g2_draw_circle_section                 0x0800264b   Thumb Code   186  u8g2_circle.o(i.u8g2_draw_circle_section)
    i.u8g2_draw_disc                         0x08002704   Section        0  u8g2_circle.o(i.u8g2_draw_disc)
    u8g2_draw_disc                           0x08002705   Thumb Code   106  u8g2_circle.o(i.u8g2_draw_disc)
    i.u8g2_draw_disc_section                 0x0800276e   Section        0  u8g2_circle.o(i.u8g2_draw_disc_section)
    u8g2_draw_disc_section                   0x0800276f   Thumb Code   204  u8g2_circle.o(i.u8g2_draw_disc_section)
    i.u8g2_draw_ellipse                      0x0800283a   Section        0  u8g2_circle.o(i.u8g2_draw_ellipse)
    u8g2_draw_ellipse                        0x0800283b   Thumb Code   220  u8g2_circle.o(i.u8g2_draw_ellipse)
    i.u8g2_draw_ellipse_section              0x08002916   Section        0  u8g2_circle.o(i.u8g2_draw_ellipse_section)
    u8g2_draw_ellipse_section                0x08002917   Thumb Code    96  u8g2_circle.o(i.u8g2_draw_ellipse_section)
    i.u8g2_draw_filled_ellipse               0x08002976   Section        0  u8g2_circle.o(i.u8g2_draw_filled_ellipse)
    u8g2_draw_filled_ellipse                 0x08002977   Thumb Code   220  u8g2_circle.o(i.u8g2_draw_filled_ellipse)
    i.u8g2_draw_filled_ellipse_section       0x08002a52   Section        0  u8g2_circle.o(i.u8g2_draw_filled_ellipse_section)
    u8g2_draw_filled_ellipse_section         0x08002a53   Thumb Code   106  u8g2_circle.o(i.u8g2_draw_filled_ellipse_section)
    i.u8g2_draw_hv_line_2dir                 0x08002abc   Section        0  u8g2_hvline.o(i.u8g2_draw_hv_line_2dir)
    i.u8g2_draw_l90_r0                       0x08002ace   Section        0  u8g2_setup.o(i.u8g2_draw_l90_r0)
    i.u8g2_draw_string                       0x08002ada   Section        0  u8g2_font.o(i.u8g2_draw_string)
    u8g2_draw_string                         0x08002adb   Thumb Code   118  u8g2_font.o(i.u8g2_draw_string)
    i.u8g2_font_calc_vref_font               0x08002b50   Section        0  u8g2_font.o(i.u8g2_font_calc_vref_font)
    i.u8g2_font_decode_get_signed_bits       0x08002b54   Section        0  u8g2_font.o(i.u8g2_font_decode_get_signed_bits)
    i.u8g2_font_decode_get_unsigned_bits     0x08002b68   Section        0  u8g2_font.o(i.u8g2_font_decode_get_unsigned_bits)
    i.u8g2_font_decode_glyph                 0x08002b9c   Section        0  u8g2_font.o(i.u8g2_font_decode_glyph)
    i.u8g2_font_decode_len                   0x08002cb0   Section        0  u8g2_font.o(i.u8g2_font_decode_len)
    i.u8g2_font_get_glyph_data               0x08002d3c   Section        0  u8g2_font.o(i.u8g2_font_get_glyph_data)
    i.u8g2_font_get_word                     0x08002dae   Section        0  u8g2_font.o(i.u8g2_font_get_word)
    u8g2_font_get_word                       0x08002daf   Thumb Code    20  u8g2_font.o(i.u8g2_font_get_word)
    i.u8g2_font_setup_decode                 0x08002dc2   Section        0  u8g2_font.o(i.u8g2_font_setup_decode)
    u8g2_font_setup_decode                   0x08002dc3   Thumb Code    52  u8g2_font.o(i.u8g2_font_setup_decode)
    i.u8g2_is_intersection_decision_tree     0x08002df6   Section        0  u8g2_intersection.o(i.u8g2_is_intersection_decision_tree)
    i.u8g2_ll_hvline_vertical_top_lsb        0x08002e10   Section        0  u8g2_ll_hvline.o(i.u8g2_ll_hvline_vertical_top_lsb)
    i.u8g2_m_16_8_f                          0x08002ea0   Section        0  u8g2_d_memory.o(i.u8g2_m_16_8_f)
    i.u8g2_read_font_info                    0x08002eac   Section        0  u8g2_font.o(i.u8g2_read_font_info)
    i.u8g2_send_buffer                       0x08002f16   Section        0  u8g2_buffer.o(i.u8g2_send_buffer)
    u8g2_send_buffer                         0x08002f17   Thumb Code    78  u8g2_buffer.o(i.u8g2_send_buffer)
    i.u8g2_update_dimension_common           0x08002f64   Section        0  u8g2_setup.o(i.u8g2_update_dimension_common)
    u8g2_update_dimension_common             0x08002f65   Thumb Code    70  u8g2_setup.o(i.u8g2_update_dimension_common)
    i.u8g2_update_dimension_r0               0x08002faa   Section        0  u8g2_setup.o(i.u8g2_update_dimension_r0)
    i.u8g2_update_page_win_r0                0x08002fae   Section        0  u8g2_setup.o(i.u8g2_update_page_win_r0)
    i.u8x8_DrawTile                          0x08002fd0   Section        0  u8x8_display.o(i.u8x8_DrawTile)
    i.u8x8_InitDisplay                       0x08002fee   Section        0  u8x8_display.o(i.u8x8_InitDisplay)
    i.u8x8_RefreshDisplay                    0x08002ffe   Section        0  u8x8_display.o(i.u8x8_RefreshDisplay)
    i.u8x8_SetPowerSave                      0x0800300e   Section        0  u8x8_display.o(i.u8x8_SetPowerSave)
    i.u8x8_Setup                             0x0800301e   Section        0  u8x8_setup.o(i.u8x8_Setup)
    i.u8x8_SetupDefaults                     0x08003040   Section        0  u8x8_setup.o(i.u8x8_SetupDefaults)
    i.u8x8_SetupMemory                       0x08003064   Section        0  u8x8_display.o(i.u8x8_SetupMemory)
    i.u8x8_ascii_next                        0x08003074   Section        0  u8x8_8x8.o(i.u8x8_ascii_next)
    i.u8x8_byte_EndTransfer                  0x08003082   Section        0  u8x8_byte.o(i.u8x8_byte_EndTransfer)
    i.u8x8_byte_SendByte                     0x08003092   Section        0  u8x8_byte.o(i.u8x8_byte_SendByte)
    i.u8x8_byte_StartTransfer                0x080030a0   Section        0  u8x8_byte.o(i.u8x8_byte_StartTransfer)
    i.u8x8_byte_hw_i2c                       0x080030b0   Section        0  stm32_u8g2.o(i.u8x8_byte_hw_i2c)
    i.u8x8_cad_EndTransfer                   0x08003120   Section        0  u8x8_cad.o(i.u8x8_cad_EndTransfer)
    i.u8x8_cad_SendArg                       0x08003130   Section        0  u8x8_cad.o(i.u8x8_cad_SendArg)
    i.u8x8_cad_SendCmd                       0x08003140   Section        0  u8x8_cad.o(i.u8x8_cad_SendCmd)
    i.u8x8_cad_SendData                      0x08003150   Section        0  u8x8_cad.o(i.u8x8_cad_SendData)
    i.u8x8_cad_SendSequence                  0x08003160   Section        0  u8x8_cad.o(i.u8x8_cad_SendSequence)
    i.u8x8_cad_StartTransfer                 0x080031c8   Section        0  u8x8_cad.o(i.u8x8_cad_StartTransfer)
    i.u8x8_cad_ssd13xx_fast_i2c              0x080031d8   Section        0  u8x8_cad.o(i.u8x8_cad_ssd13xx_fast_i2c)
    i.u8x8_d_helper_display_init             0x08003294   Section        0  u8x8_display.o(i.u8x8_d_helper_display_init)
    i.u8x8_d_helper_display_setup_memory     0x080032f4   Section        0  u8x8_display.o(i.u8x8_d_helper_display_setup_memory)
    i.u8x8_d_ssd1306_128x64_noname           0x08003300   Section        0  u8x8_d_ssd1306_128x64_noname.o(i.u8x8_d_ssd1306_128x64_noname)
    i.u8x8_d_ssd1306_sh1106_generic          0x0800333c   Section        0  u8x8_d_ssd1306_128x64_noname.o(i.u8x8_d_ssd1306_sh1106_generic)
    u8x8_d_ssd1306_sh1106_generic            0x0800333d   Thumb Code   196  u8x8_d_ssd1306_128x64_noname.o(i.u8x8_d_ssd1306_sh1106_generic)
    i.u8x8_dummy_cb                          0x08003404   Section        0  u8x8_setup.o(i.u8x8_dummy_cb)
    i.u8x8_gpio_and_delay                    0x08003408   Section        0  stm32_u8g2.o(i.u8x8_gpio_and_delay)
    i.u8x8_gpio_call                         0x0800346a   Section        0  u8x8_gpio.o(i.u8x8_gpio_call)
    i.u8x8_i2c_data_transfer                 0x08003476   Section        0  u8x8_cad.o(i.u8x8_i2c_data_transfer)
    u8x8_i2c_data_transfer                   0x08003477   Thumb Code    44  u8x8_cad.o(i.u8x8_i2c_data_transfer)
    i.u8x8_utf8_init                         0x080034a2   Section        0  u8x8_8x8.o(i.u8x8_utf8_init)
    x$fpl$ddiv                               0x080034ac   Section      688  ddiv.o(x$fpl$ddiv)
    ddiv_entry                               0x080034b3   Thumb Code     0  ddiv.o(x$fpl$ddiv)
    x$fpl$dfix                               0x0800375c   Section       94  dfix.o(x$fpl$dfix)
    x$fpl$dflt                               0x080037ba   Section       46  dflt_clz.o(x$fpl$dflt)
    x$fpl$dmul                               0x080037e8   Section      340  dmul.o(x$fpl$dmul)
    x$fpl$dnaninf                            0x0800393c   Section      156  dnaninf.o(x$fpl$dnaninf)
    x$fpl$dretinf                            0x080039d8   Section       12  dretinf.o(x$fpl$dretinf)
    .constdata                               0x080039e4   Section       18  stm32f1xx_hal_rcc.o(.constdata)
    x$fpl$usenofp                            0x080039e4   Section        0  usenofp.o(x$fpl$usenofp)
    aPredivFactorTable                       0x080039e4   Data           2  stm32f1xx_hal_rcc.o(.constdata)
    aPLLMULFactorTable                       0x080039e6   Data          16  stm32f1xx_hal_rcc.o(.constdata)
    .constdata                               0x080039f6   Section       16  system_stm32f1xx.o(.constdata)
    .constdata                               0x08003a06   Section        8  system_stm32f1xx.o(.constdata)
    .constdata                               0x08003a0e   Section     1782  u8g2_fonts.o(.constdata)
    .constdata                               0x08004104   Section      723  u8g2_fonts.o(.constdata)
    .constdata                               0x080043d7   Section     2465  u8g2_fonts.o(.constdata)
    .constdata                               0x08004d78   Section     1559  u8g2_fonts.o(.constdata)
    .constdata                               0x0800538f   Section     3863  u8g2_fonts.o(.constdata)
    .constdata                               0x080062a6   Section     4481  u8g2_fonts.o(.constdata)
    .constdata                               0x08007427   Section     8821  u8g2_fonts.o(.constdata)
    .constdata                               0x0800969c   Section      807  u8g2_fonts.o(.constdata)
    .constdata                               0x080099c4   Section       12  u8g2_setup.o(.constdata)
    .constdata                               0x080099d0   Section      344  u8x8_d_ssd1306_128x64_noname.o(.constdata)
    u8x8_d_ssd1306_128x64_noname_powersave0_seq 0x080099d0   Data           5  u8x8_d_ssd1306_128x64_noname.o(.constdata)
    u8x8_d_ssd1306_128x64_noname_powersave1_seq 0x080099d5   Data           5  u8x8_d_ssd1306_128x64_noname.o(.constdata)
    u8x8_d_ssd1306_128x64_noname_flip0_seq   0x080099da   Data           7  u8x8_d_ssd1306_128x64_noname.o(.constdata)
    u8x8_d_ssd1306_128x64_noname_flip1_seq   0x080099e1   Data           7  u8x8_d_ssd1306_128x64_noname.o(.constdata)
    u8x8_d_ssd1312_128x64_noname_flip0_seq   0x080099e8   Data           7  u8x8_d_ssd1306_128x64_noname.o(.constdata)
    u8x8_d_ssd1312_128x64_noname_flip1_seq   0x080099ef   Data           7  u8x8_d_ssd1306_128x64_noname.o(.constdata)
    u8x8_d_ssd1306_128x64_noname_init_seq    0x080099f6   Data          53  u8x8_d_ssd1306_128x64_noname.o(.constdata)
    u8x8_d_ssd1306_128x64_vcomh0_init_seq    0x08009a2b   Data          53  u8x8_d_ssd1306_128x64_noname.o(.constdata)
    u8x8_d_ssd1306_128x64_alt0_init_seq      0x08009a60   Data          53  u8x8_d_ssd1306_128x64_noname.o(.constdata)
    u8x8_d_sh1106_128x64_winstar_init_seq    0x08009a95   Data          45  u8x8_d_ssd1306_128x64_noname.o(.constdata)
    u8x8_d_ssd1312_128x64_noname_init_seq    0x08009ac2   Data          53  u8x8_d_ssd1306_128x64_noname.o(.constdata)
    u8x8_ssd1306_128x64_noname_display_info  0x08009af8   Data          24  u8x8_d_ssd1306_128x64_noname.o(.constdata)
    u8x8_sh1106_128x64_noname_display_info   0x08009b10   Data          24  u8x8_d_ssd1306_128x64_noname.o(.constdata)
    .constdata                               0x08009b28   Section     1536  test.o(.constdata)
    .data                                    0x20000000   Section        1  stm32_u8g2.o(.data)
    buf_idx                                  0x20000000   Data           1  stm32_u8g2.o(.data)
    .data                                    0x20000004   Section       12  stm32f1xx_hal.o(.data)
    .data                                    0x20000010   Section        4  system_stm32f1xx.o(.data)
    .data                                    0x20000014   Section        6  u8x8_cad.o(.data)
    in_transfer                              0x20000014   Data           1  u8x8_cad.o(.data)
    in_transfer                              0x20000015   Data           1  u8x8_cad.o(.data)
    in_transfer                              0x20000016   Data           1  u8x8_cad.o(.data)
    is_data                                  0x20000017   Data           1  u8x8_cad.o(.data)
    in_transfer                              0x20000018   Data           1  u8x8_cad.o(.data)
    is_data                                  0x20000019   Data           1  u8x8_cad.o(.data)
    .bss                                     0x2000001c   Section       84  i2c.o(.bss)
    .bss                                     0x20000070   Section       72  tim.o(.bss)
    .bss                                     0x200000b8   Section      128  stm32_u8g2.o(.bss)
    buffer                                   0x200000b8   Data         128  stm32_u8g2.o(.bss)
    .bss                                     0x20000138   Section     1024  u8g2_d_memory.o(.bss)
    buf                                      0x20000138   Data        1024  u8g2_d_memory.o(.bss)
    .bss                                     0x20000538   Section       96  libspace.o(.bss)
    HEAP                                     0x20000598   Section      512  startup_stm32f103xb.o(HEAP)
    Heap_Mem                                 0x20000598   Data         512  startup_stm32f103xb.o(HEAP)
    STACK                                    0x20000798   Section     1024  startup_stm32f103xb.o(STACK)
    Stack_Mem                                0x20000798   Data        1024  startup_stm32f103xb.o(STACK)
    __initial_sp                             0x20000b98   Data           0  startup_stm32f103xb.o(STACK)

    Global Symbols

    Symbol Name                              Value     Ov Type        Size  Object(Section)

    BuildAttributes$$THM_ISAv4$P$D$K$B$S$PE$A:L22UL41UL21$X:L11$S22US41US21$IEEE1$IW$USESV6$~STKCKD$USESV7$~SHL$OSPACE$ROPI$EBA8$UX$STANDARDLIB$REQ8$PRES8$EABIv2 0x00000000   Number         0  anon$$obj.o ABSOLUTE
    __ARM_use_no_argv                        0x00000000   Number         0  main.o ABSOLUTE
    __ARM_exceptions_init                     - Undefined Weak Reference
    __alloca_initialize                       - Undefined Weak Reference
    __arm_preinit_                            - Undefined Weak Reference
    __cpp_initialize__aeabi_                  - Undefined Weak Reference
    __cxa_finalize                            - Undefined Weak Reference
    __rt_locale                               - Undefined Weak Reference
    __sigvec_lookup                           - Undefined Weak Reference
    _atexit_init                              - Undefined Weak Reference
    _call_atexit_fns                          - Undefined Weak Reference
    _clock_init                               - Undefined Weak Reference
    _fp_trap_init                             - Undefined Weak Reference
    _fp_trap_shutdown                         - Undefined Weak Reference
    _get_lc_collate                           - Undefined Weak Reference
    _get_lc_ctype                             - Undefined Weak Reference
    _get_lc_monetary                          - Undefined Weak Reference
    _get_lc_numeric                           - Undefined Weak Reference
    _get_lc_time                              - Undefined Weak Reference
    _getenv_init                              - Undefined Weak Reference
    _handle_redirection                       - Undefined Weak Reference
    _init_alloc                               - Undefined Weak Reference
    _init_user_alloc                          - Undefined Weak Reference
    _initio                                   - Undefined Weak Reference
    _printf_post_padding                      - Undefined Weak Reference
    _printf_pre_padding                       - Undefined Weak Reference
    _printf_truncate_signed                   - Undefined Weak Reference
    _printf_truncate_unsigned                 - Undefined Weak Reference
    _rand_init                                - Undefined Weak Reference
    _signal_finish                            - Undefined Weak Reference
    _signal_init                              - Undefined Weak Reference
    _terminate_alloc                          - Undefined Weak Reference
    _terminate_user_alloc                     - Undefined Weak Reference
    _terminateio                              - Undefined Weak Reference
    __Vectors_Size                           0x000000ec   Number         0  startup_stm32f103xb.o ABSOLUTE
    __Vectors                                0x08000000   Data           4  startup_stm32f103xb.o(RESET)
    __Vectors_End                            0x080000ec   Data           0  startup_stm32f103xb.o(RESET)
    __main                                   0x080000ed   Thumb Code     8  __main.o(!!!main)
    __scatterload                            0x080000f5   Thumb Code     0  __scatter.o(!!!scatter)
    __scatterload_rt2                        0x080000f5   Thumb Code    44  __scatter.o(!!!scatter)
    __scatterload_rt2_thumb_only             0x080000f5   Thumb Code     0  __scatter.o(!!!scatter)
    __scatterload_null                       0x08000103   Thumb Code     0  __scatter.o(!!!scatter)
    __scatterload_copy                       0x08000129   Thumb Code    26  __scatter_copy.o(!!handler_copy)
    __scatterload_zeroinit                   0x08000145   Thumb Code    28  __scatter_zi.o(!!handler_zi)
    _printf_d                                0x08000161   Thumb Code     0  _printf_d.o(.ARM.Collect$$_printf_percent$$00000009)
    _printf_percent                          0x08000161   Thumb Code     0  _printf_percent.o(.ARM.Collect$$_printf_percent$$00000000)
    _printf_percent_end                      0x08000167   Thumb Code     0  _printf_percent_end.o(.ARM.Collect$$_printf_percent$$00000017)
    __rt_lib_init                            0x0800016b   Thumb Code     0  libinit.o(.ARM.Collect$$libinit$$00000000)
    __rt_lib_init_alloca_1                   0x0800016d   Thumb Code     0  libinit2.o(.ARM.Collect$$libinit$$0000002E)
    __rt_lib_init_argv_1                     0x0800016d   Thumb Code     0  libinit2.o(.ARM.Collect$$libinit$$0000002C)
    __rt_lib_init_atexit_1                   0x0800016d   Thumb Code     0  libinit2.o(.ARM.Collect$$libinit$$0000001B)
    __rt_lib_init_clock_1                    0x0800016d   Thumb Code     0  libinit2.o(.ARM.Collect$$libinit$$00000021)
    __rt_lib_init_cpp_1                      0x0800016d   Thumb Code     0  libinit2.o(.ARM.Collect$$libinit$$00000032)
    __rt_lib_init_exceptions_1               0x0800016d   Thumb Code     0  libinit2.o(.ARM.Collect$$libinit$$00000030)
    __rt_lib_init_fp_1                       0x0800016d   Thumb Code     0  libinit2.o(.ARM.Collect$$libinit$$00000002)
    __rt_lib_init_fp_trap_1                  0x0800016d   Thumb Code     0  libinit2.o(.ARM.Collect$$libinit$$0000001F)
    __rt_lib_init_getenv_1                   0x0800016d   Thumb Code     0  libinit2.o(.ARM.Collect$$libinit$$00000023)
    __rt_lib_init_heap_1                     0x0800016d   Thumb Code     0  libinit2.o(.ARM.Collect$$libinit$$0000000A)
    __rt_lib_init_lc_collate_1               0x0800016d   Thumb Code     0  libinit2.o(.ARM.Collect$$libinit$$00000011)
    __rt_lib_init_lc_ctype_1                 0x0800016d   Thumb Code     0  libinit2.o(.ARM.Collect$$libinit$$00000013)
    __rt_lib_init_lc_monetary_1              0x0800016d   Thumb Code     0  libinit2.o(.ARM.Collect$$libinit$$00000015)
    __rt_lib_init_lc_numeric_1               0x0800016d   Thumb Code     0  libinit2.o(.ARM.Collect$$libinit$$00000017)
    __rt_lib_init_lc_time_1                  0x0800016d   Thumb Code     0  libinit2.o(.ARM.Collect$$libinit$$00000019)
    __rt_lib_init_preinit_1                  0x0800016d   Thumb Code     0  libinit2.o(.ARM.Collect$$libinit$$00000004)
    __rt_lib_init_rand_1                     0x0800016d   Thumb Code     0  libinit2.o(.ARM.Collect$$libinit$$0000000E)
    __rt_lib_init_return                     0x0800016d   Thumb Code     0  libinit2.o(.ARM.Collect$$libinit$$00000033)
    __rt_lib_init_signal_1                   0x0800016d   Thumb Code     0  libinit2.o(.ARM.Collect$$libinit$$0000001D)
    __rt_lib_init_stdio_1                    0x0800016d   Thumb Code     0  libinit2.o(.ARM.Collect$$libinit$$00000025)
    __rt_lib_init_user_alloc_1               0x0800016d   Thumb Code     0  libinit2.o(.ARM.Collect$$libinit$$0000000C)
    __rt_lib_shutdown                        0x0800016f   Thumb Code     0  libshutdown.o(.ARM.Collect$$libshutdown$$00000000)
    __rt_lib_shutdown_cpp_1                  0x08000171   Thumb Code     0  libshutdown2.o(.ARM.Collect$$libshutdown$$00000002)
    __rt_lib_shutdown_fp_trap_1              0x08000171   Thumb Code     0  libshutdown2.o(.ARM.Collect$$libshutdown$$00000007)
    __rt_lib_shutdown_heap_1                 0x08000171   Thumb Code     0  libshutdown2.o(.ARM.Collect$$libshutdown$$0000000F)
    __rt_lib_shutdown_return                 0x08000171   Thumb Code     0  libshutdown2.o(.ARM.Collect$$libshutdown$$00000010)
    __rt_lib_shutdown_signal_1               0x08000171   Thumb Code     0  libshutdown2.o(.ARM.Collect$$libshutdown$$0000000A)
    __rt_lib_shutdown_stdio_1                0x08000171   Thumb Code     0  libshutdown2.o(.ARM.Collect$$libshutdown$$00000004)
    __rt_lib_shutdown_user_alloc_1           0x08000171   Thumb Code     0  libshutdown2.o(.ARM.Collect$$libshutdown$$0000000C)
    __rt_entry                               0x08000173   Thumb Code     0  __rtentry.o(.ARM.Collect$$rtentry$$00000000)
    __rt_entry_presh_1                       0x08000173   Thumb Code     0  __rtentry2.o(.ARM.Collect$$rtentry$$00000002)
    __rt_entry_sh                            0x08000173   Thumb Code     0  __rtentry4.o(.ARM.Collect$$rtentry$$00000004)
    __rt_entry_li                            0x08000179   Thumb Code     0  __rtentry2.o(.ARM.Collect$$rtentry$$0000000A)
    __rt_entry_postsh_1                      0x08000179   Thumb Code     0  __rtentry2.o(.ARM.Collect$$rtentry$$00000009)
    __rt_entry_main                          0x0800017d   Thumb Code     0  __rtentry2.o(.ARM.Collect$$rtentry$$0000000D)
    __rt_entry_postli_1                      0x0800017d   Thumb Code     0  __rtentry2.o(.ARM.Collect$$rtentry$$0000000C)
    __rt_exit                                0x08000185   Thumb Code     0  rtexit.o(.ARM.Collect$$rtexit$$00000000)
    __rt_exit_ls                             0x08000187   Thumb Code     0  rtexit2.o(.ARM.Collect$$rtexit$$00000003)
    __rt_exit_prels_1                        0x08000187   Thumb Code     0  rtexit2.o(.ARM.Collect$$rtexit$$00000002)
    __rt_exit_exit                           0x0800018b   Thumb Code     0  rtexit2.o(.ARM.Collect$$rtexit$$00000004)
    Reset_Handler                            0x08000191   Thumb Code     8  startup_stm32f103xb.o(.text)
    ADC1_2_IRQHandler                        0x080001ab   Thumb Code     0  startup_stm32f103xb.o(.text)
    CAN1_RX1_IRQHandler                      0x080001ab   Thumb Code     0  startup_stm32f103xb.o(.text)
    CAN1_SCE_IRQHandler                      0x080001ab   Thumb Code     0  startup_stm32f103xb.o(.text)
    DMA1_Channel1_IRQHandler                 0x080001ab   Thumb Code     0  startup_stm32f103xb.o(.text)
    DMA1_Channel2_IRQHandler                 0x080001ab   Thumb Code     0  startup_stm32f103xb.o(.text)
    DMA1_Channel3_IRQHandler                 0x080001ab   Thumb Code     0  startup_stm32f103xb.o(.text)
    DMA1_Channel4_IRQHandler                 0x080001ab   Thumb Code     0  startup_stm32f103xb.o(.text)
    DMA1_Channel5_IRQHandler                 0x080001ab   Thumb Code     0  startup_stm32f103xb.o(.text)
    DMA1_Channel6_IRQHandler                 0x080001ab   Thumb Code     0  startup_stm32f103xb.o(.text)
    DMA1_Channel7_IRQHandler                 0x080001ab   Thumb Code     0  startup_stm32f103xb.o(.text)
    EXTI0_IRQHandler                         0x080001ab   Thumb Code     0  startup_stm32f103xb.o(.text)
    EXTI15_10_IRQHandler                     0x080001ab   Thumb Code     0  startup_stm32f103xb.o(.text)
    EXTI1_IRQHandler                         0x080001ab   Thumb Code     0  startup_stm32f103xb.o(.text)
    EXTI2_IRQHandler                         0x080001ab   Thumb Code     0  startup_stm32f103xb.o(.text)
    EXTI3_IRQHandler                         0x080001ab   Thumb Code     0  startup_stm32f103xb.o(.text)
    EXTI4_IRQHandler                         0x080001ab   Thumb Code     0  startup_stm32f103xb.o(.text)
    EXTI9_5_IRQHandler                       0x080001ab   Thumb Code     0  startup_stm32f103xb.o(.text)
    FLASH_IRQHandler                         0x080001ab   Thumb Code     0  startup_stm32f103xb.o(.text)
    I2C1_ER_IRQHandler                       0x080001ab   Thumb Code     0  startup_stm32f103xb.o(.text)
    I2C1_EV_IRQHandler                       0x080001ab   Thumb Code     0  startup_stm32f103xb.o(.text)
    I2C2_ER_IRQHandler                       0x080001ab   Thumb Code     0  startup_stm32f103xb.o(.text)
    I2C2_EV_IRQHandler                       0x080001ab   Thumb Code     0  startup_stm32f103xb.o(.text)
    PVD_IRQHandler                           0x080001ab   Thumb Code     0  startup_stm32f103xb.o(.text)
    RCC_IRQHandler                           0x080001ab   Thumb Code     0  startup_stm32f103xb.o(.text)
    RTC_Alarm_IRQHandler                     0x080001ab   Thumb Code     0  startup_stm32f103xb.o(.text)
    RTC_IRQHandler                           0x080001ab   Thumb Code     0  startup_stm32f103xb.o(.text)
    SPI1_IRQHandler                          0x080001ab   Thumb Code     0  startup_stm32f103xb.o(.text)
    SPI2_IRQHandler                          0x080001ab   Thumb Code     0  startup_stm32f103xb.o(.text)
    TAMPER_IRQHandler                        0x080001ab   Thumb Code     0  startup_stm32f103xb.o(.text)
    TIM1_BRK_IRQHandler                      0x080001ab   Thumb Code     0  startup_stm32f103xb.o(.text)
    TIM1_CC_IRQHandler                       0x080001ab   Thumb Code     0  startup_stm32f103xb.o(.text)
    TIM1_TRG_COM_IRQHandler                  0x080001ab   Thumb Code     0  startup_stm32f103xb.o(.text)
    TIM1_UP_IRQHandler                       0x080001ab   Thumb Code     0  startup_stm32f103xb.o(.text)
    TIM2_IRQHandler                          0x080001ab   Thumb Code     0  startup_stm32f103xb.o(.text)
    TIM3_IRQHandler                          0x080001ab   Thumb Code     0  startup_stm32f103xb.o(.text)
    TIM4_IRQHandler                          0x080001ab   Thumb Code     0  startup_stm32f103xb.o(.text)
    USART1_IRQHandler                        0x080001ab   Thumb Code     0  startup_stm32f103xb.o(.text)
    USART2_IRQHandler                        0x080001ab   Thumb Code     0  startup_stm32f103xb.o(.text)
    USART3_IRQHandler                        0x080001ab   Thumb Code     0  startup_stm32f103xb.o(.text)
    USBWakeUp_IRQHandler                     0x080001ab   Thumb Code     0  startup_stm32f103xb.o(.text)
    USB_HP_CAN1_TX_IRQHandler                0x080001ab   Thumb Code     0  startup_stm32f103xb.o(.text)
    USB_LP_CAN1_RX0_IRQHandler               0x080001ab   Thumb Code     0  startup_stm32f103xb.o(.text)
    WWDG_IRQHandler                          0x080001ab   Thumb Code     0  startup_stm32f103xb.o(.text)
    __user_initial_stackheap                 0x080001ad   Thumb Code     0  startup_stm32f103xb.o(.text)
    __2sprintf                               0x080001d1   Thumb Code    34  noretval__2sprintf.o(.text)
    __printf                                 0x080001f9   Thumb Code   104  __printf.o(.text)
    _printf_int_dec                          0x08000261   Thumb Code   104  _printf_dec.o(.text)
    __aeabi_memclr                           0x080002d9   Thumb Code     0  rt_memclr.o(.text)
    __rt_memclr                              0x080002d9   Thumb Code    68  rt_memclr.o(.text)
    _memset                                  0x080002dd   Thumb Code     0  rt_memclr.o(.text)
    __aeabi_memclr4                          0x0800031d   Thumb Code     0  rt_memclr_w.o(.text)
    __aeabi_memclr8                          0x0800031d   Thumb Code     0  rt_memclr_w.o(.text)
    __rt_memclr_w                            0x0800031d   Thumb Code    78  rt_memclr_w.o(.text)
    _memset_w                                0x08000321   Thumb Code     0  rt_memclr_w.o(.text)
    __use_two_region_memory                  0x0800036b   Thumb Code     2  heapauxi.o(.text)
    __rt_heap_escrow$2region                 0x0800036d   Thumb Code     2  heapauxi.o(.text)
    __rt_heap_expand$2region                 0x0800036f   Thumb Code     2  heapauxi.o(.text)
    _printf_int_common                       0x08000371   Thumb Code   178  _printf_intcommon.o(.text)
    _printf_char_common                      0x0800042f   Thumb Code    32  _printf_char_common.o(.text)
    _sputc                                   0x08000455   Thumb Code    10  _sputc.o(.text)
    __user_setup_stackheap                   0x0800045f   Thumb Code    74  sys_stackheap_outer.o(.text)
    exit                                     0x080004a9   Thumb Code    18  exit.o(.text)
    __user_libspace                          0x080004bd   Thumb Code     8  libspace.o(.text)
    __user_perproc_libspace                  0x080004bd   Thumb Code     0  libspace.o(.text)
    __user_perthread_libspace                0x080004bd   Thumb Code     0  libspace.o(.text)
    _sys_exit                                0x080004c5   Thumb Code     8  sys_exit.o(.text)
    __I$use$semihosting                      0x080004d1   Thumb Code     0  use_no_semi.o(.text)
    __use_no_semihosting_swi                 0x080004d1   Thumb Code     2  use_no_semi.o(.text)
    BusFault_Handler                         0x080004d3   Thumb Code     2  stm32f1xx_it.o(i.BusFault_Handler)
    __semihosting_library_function           0x080004d3   Thumb Code     0  indicate_semi.o(.text)
    DebugMon_Handler                         0x080004d5   Thumb Code     2  stm32f1xx_it.o(i.DebugMon_Handler)
    Error_Handler                            0x080004d7   Thumb Code     4  main.o(i.Error_Handler)
    HAL_Delay                                0x080004dd   Thumb Code    32  stm32f1xx_hal.o(i.HAL_Delay)
    HAL_GPIO_Init                            0x08000501   Thumb Code   446  stm32f1xx_hal_gpio.o(i.HAL_GPIO_Init)
    HAL_GetTick                              0x080006e1   Thumb Code     6  stm32f1xx_hal.o(i.HAL_GetTick)
    HAL_I2C_Init                             0x080006ed   Thumb Code   376  stm32f1xx_hal_i2c.o(i.HAL_I2C_Init)
    HAL_I2C_Master_Transmit                  0x08000875   Thumb Code   290  stm32f1xx_hal_i2c.o(i.HAL_I2C_Master_Transmit)
    HAL_I2C_MspInit                          0x080009a1   Thumb Code    82  i2c.o(i.HAL_I2C_MspInit)
    HAL_IncTick                              0x08000a01   Thumb Code    12  stm32f1xx_hal.o(i.HAL_IncTick)
    HAL_Init                                 0x08000a11   Thumb Code    32  stm32f1xx_hal.o(i.HAL_Init)
    HAL_InitTick                             0x08000a35   Thumb Code    54  stm32f1xx_hal.o(i.HAL_InitTick)
    HAL_MspInit                              0x08000a75   Thumb Code    52  stm32f1xx_hal_msp.o(i.HAL_MspInit)
    HAL_NVIC_SetPriority                     0x08000ab1   Thumb Code    60  stm32f1xx_hal_cortex.o(i.HAL_NVIC_SetPriority)
    HAL_NVIC_SetPriorityGrouping             0x08000af1   Thumb Code    26  stm32f1xx_hal_cortex.o(i.HAL_NVIC_SetPriorityGrouping)
    HAL_RCC_ClockConfig                      0x08000b15   Thumb Code   280  stm32f1xx_hal_rcc.o(i.HAL_RCC_ClockConfig)
    HAL_RCC_GetPCLK1Freq                     0x08000c41   Thumb Code    20  stm32f1xx_hal_rcc.o(i.HAL_RCC_GetPCLK1Freq)
    HAL_RCC_GetSysClockFreq                  0x08000c61   Thumb Code    58  stm32f1xx_hal_rcc.o(i.HAL_RCC_GetSysClockFreq)
    HAL_RCC_OscConfig                        0x08000cad   Thumb Code   778  stm32f1xx_hal_rcc.o(i.HAL_RCC_OscConfig)
    HAL_SYSTICK_Config                       0x08000fcd   Thumb Code    40  stm32f1xx_hal_cortex.o(i.HAL_SYSTICK_Config)
    HAL_TIMEx_MasterConfigSynchronization    0x08000ff5   Thumb Code    92  stm32f1xx_hal_tim_ex.o(i.HAL_TIMEx_MasterConfigSynchronization)
    HAL_TIM_Base_Init                        0x0800105d   Thumb Code    90  stm32f1xx_hal_tim.o(i.HAL_TIM_Base_Init)
    HAL_TIM_Base_MspInit                     0x080010b9   Thumb Code    30  tim.o(i.HAL_TIM_Base_MspInit)
    HAL_TIM_ConfigClockSource                0x080010e1   Thumb Code   220  stm32f1xx_hal_tim.o(i.HAL_TIM_ConfigClockSource)
    HardFault_Handler                        0x080011bd   Thumb Code     2  stm32f1xx_it.o(i.HardFault_Handler)
    MX_GPIO_Init                             0x08001485   Thumb Code    54  gpio.o(i.MX_GPIO_Init)
    MX_I2C2_Init                             0x080014c1   Thumb Code    50  i2c.o(i.MX_I2C2_Init)
    MX_TIM1_Init                             0x08001501   Thumb Code    96  tim.o(i.MX_TIM1_Init)
    MemManage_Handler                        0x08001569   Thumb Code     2  stm32f1xx_it.o(i.MemManage_Handler)
    NMI_Handler                              0x0800156b   Thumb Code     2  stm32f1xx_it.o(i.NMI_Handler)
    PendSV_Handler                           0x0800156d   Thumb Code     2  stm32f1xx_it.o(i.PendSV_Handler)
    SVC_Handler                              0x0800156f   Thumb Code     2  stm32f1xx_it.o(i.SVC_Handler)
    SysTick_Handler                          0x08001571   Thumb Code     4  stm32f1xx_it.o(i.SysTick_Handler)
    SystemClock_Config                       0x08001575   Thumb Code    94  main.o(i.SystemClock_Config)
    SystemInit                               0x080015d3   Thumb Code     2  system_stm32f1xx.o(i.SystemInit)
    TIM_Base_SetConfig                       0x080015d5   Thumb Code   108  stm32f1xx_hal_tim.o(i.TIM_Base_SetConfig)
    TIM_ETR_SetConfig                        0x0800164d   Thumb Code    20  stm32f1xx_hal_tim.o(i.TIM_ETR_SetConfig)
    UsageFault_Handler                       0x080016b7   Thumb Code     2  stm32f1xx_it.o(i.UsageFault_Handler)
    displayIdName                            0x080016d9   Thumb Code    46  stm32_u8g2.o(i.displayIdName)
    draw                                     0x0800171d   Thumb Code   198  stm32_u8g2.o(i.draw)
    main                                     0x0800181d   Thumb Code    76  main.o(i.main)
    slideLeftRight                           0x08001869   Thumb Code    56  stm32_u8g2.o(i.slideLeftRight)
    slideUpDown                              0x080018b5   Thumb Code    56  stm32_u8g2.o(i.slideUpDown)
    testDrawMulti                            0x08001901   Thumb Code   430  test.o(i.testDrawMulti)
    testDrawProcess                          0x08001ab1   Thumb Code   160  test.o(i.testDrawProcess)
    testDrawXBM                              0x08001b75   Thumb Code   108  test.o(i.testDrawXBM)
    testShowFont                             0x08001bfd   Thumb Code   120  test.o(i.testShowFont)
    u8g2DrawTest                             0x08001c91   Thumb Code    30  test.o(i.u8g2DrawTest)
    u8g2Init                                 0x08001cb1   Thumb Code    38  stm32_u8g2.o(i.u8g2Init)
    u8g2_ClearBuffer                         0x08001ce5   Thumb Code    18  u8g2_buffer.o(i.u8g2_ClearBuffer)
    u8g2_DrawBox                             0x08001cf7   Thumb Code    68  u8g2_box.o(i.u8g2_DrawBox)
    u8g2_DrawCircle                          0x08001d3b   Thumb Code    64  u8g2_circle.o(i.u8g2_DrawCircle)
    u8g2_DrawDisc                            0x08001d7b   Thumb Code    64  u8g2_circle.o(i.u8g2_DrawDisc)
    u8g2_DrawEllipse                         0x08001dbb   Thumb Code    68  u8g2_circle.o(i.u8g2_DrawEllipse)
    u8g2_DrawFilledEllipse                   0x08001dff   Thumb Code    68  u8g2_circle.o(i.u8g2_DrawFilledEllipse)
    u8g2_DrawFrame                           0x08001e43   Thumb Code   136  u8g2_box.o(i.u8g2_DrawFrame)
    u8g2_DrawGlyph                           0x08001ecb   Thumb Code   112  u8g2_font.o(i.u8g2_DrawGlyph)
    u8g2_DrawHLine                           0x08001f3b   Thumb Code    12  u8g2_hvline.o(i.u8g2_DrawHLine)
    u8g2_DrawHVLine                          0x08001f49   Thumb Code   172  u8g2_hvline.o(i.u8g2_DrawHVLine)
    u8g2_DrawHXBM                            0x08001ff5   Thumb Code   172  u8g2_bitmap.o(i.u8g2_DrawHXBM)
    u8g2_DrawPixel                           0x080020a1   Thumb Code    46  u8g2_hvline.o(i.u8g2_DrawPixel)
    u8g2_DrawRBox                            0x080020cf   Thumb Code   230  u8g2_box.o(i.u8g2_DrawRBox)
    u8g2_DrawRFrame                          0x080021b5   Thumb Code   258  u8g2_box.o(i.u8g2_DrawRFrame)
    u8g2_DrawStr                             0x080022b9   Thumb Code    12  u8g2_font.o(i.u8g2_DrawStr)
    u8g2_DrawVLine                           0x080022c9   Thumb Code    12  u8g2_hvline.o(i.u8g2_DrawVLine)
    u8g2_DrawXBM                             0x080022d5   Thumb Code    76  u8g2_bitmap.o(i.u8g2_DrawXBM)
    u8g2_FirstPage                           0x08002321   Thumb Code    28  u8g2_buffer.o(i.u8g2_FirstPage)
    u8g2_IsIntersection                      0x0800233d   Thumb Code    48  u8g2_intersection.o(i.u8g2_IsIntersection)
    u8g2_NextPage                            0x0800236d   Thumb Code    62  u8g2_buffer.o(i.u8g2_NextPage)
    u8g2_SendBuffer                          0x080023ab   Thumb Code    18  u8g2_buffer.o(i.u8g2_SendBuffer)
    u8g2_SetBufferCurrTileRow                0x080023bd   Thumb Code    28  u8g2_buffer.o(i.u8g2_SetBufferCurrTileRow)
    u8g2_SetFont                             0x080023d9   Thumb Code    32  u8g2_font.o(i.u8g2_SetFont)
    u8g2_SetFontDirection                    0x080023f9   Thumb Code     6  u8g2_font.o(i.u8g2_SetFontDirection)
    u8g2_SetFontMode                         0x080023ff   Thumb Code     6  u8g2_font.o(i.u8g2_SetFontMode)
    u8g2_SetFontPosBaseline                  0x08002405   Thumb Code     6  u8g2_font.o(i.u8g2_SetFontPosBaseline)
    u8g2_SetMaxClipWindow                    0x08002411   Thumb Code    28  u8g2_setup.o(i.u8g2_SetMaxClipWindow)
    u8g2_SetupBuffer                         0x0800242d   Thumb Code    70  u8g2_setup.o(i.u8g2_SetupBuffer)
    u8g2_Setup_ssd1306_i2c_128x64_noname_f   0x08002475   Thumb Code    42  u8g2_d_setup.o(i.u8g2_Setup_ssd1306_i2c_128x64_noname_f)
    u8g2_UpdateRefHeight                     0x080024ad   Thumb Code    82  u8g2_font.o(i.u8g2_UpdateRefHeight)
    u8g2_add_vector_x                        0x080024ff   Thumb Code    28  u8g2_font.o(i.u8g2_add_vector_x)
    u8g2_add_vector_y                        0x0800251b   Thumb Code    28  u8g2_font.o(i.u8g2_add_vector_y)
    u8g2_draw_hv_line_2dir                   0x08002abd   Thumb Code    18  u8g2_hvline.o(i.u8g2_draw_hv_line_2dir)
    u8g2_draw_l90_r0                         0x08002acf   Thumb Code    12  u8g2_setup.o(i.u8g2_draw_l90_r0)
    u8g2_font_calc_vref_font                 0x08002b51   Thumb Code     4  u8g2_font.o(i.u8g2_font_calc_vref_font)
    u8g2_font_decode_get_signed_bits         0x08002b55   Thumb Code    20  u8g2_font.o(i.u8g2_font_decode_get_signed_bits)
    u8g2_font_decode_get_unsigned_bits       0x08002b69   Thumb Code    52  u8g2_font.o(i.u8g2_font_decode_get_unsigned_bits)
    u8g2_font_decode_glyph                   0x08002b9d   Thumb Code   276  u8g2_font.o(i.u8g2_font_decode_glyph)
    u8g2_font_decode_len                     0x08002cb1   Thumb Code   140  u8g2_font.o(i.u8g2_font_decode_len)
    u8g2_font_get_glyph_data                 0x08002d3d   Thumb Code   114  u8g2_font.o(i.u8g2_font_get_glyph_data)
    u8g2_is_intersection_decision_tree       0x08002df7   Thumb Code    24  u8g2_intersection.o(i.u8g2_is_intersection_decision_tree)
    u8g2_ll_hvline_vertical_top_lsb          0x08002e11   Thumb Code   144  u8g2_ll_hvline.o(i.u8g2_ll_hvline_vertical_top_lsb)
    u8g2_m_16_8_f                            0x08002ea1   Thumb Code     8  u8g2_d_memory.o(i.u8g2_m_16_8_f)
    u8g2_read_font_info                      0x08002ead   Thumb Code   106  u8g2_font.o(i.u8g2_read_font_info)
    u8g2_update_dimension_r0                 0x08002fab   Thumb Code     4  u8g2_setup.o(i.u8g2_update_dimension_r0)
    u8g2_update_page_win_r0                  0x08002faf   Thumb Code    34  u8g2_setup.o(i.u8g2_update_page_win_r0)
    u8x8_DrawTile                            0x08002fd1   Thumb Code    30  u8x8_display.o(i.u8x8_DrawTile)
    u8x8_InitDisplay                         0x08002fef   Thumb Code    16  u8x8_display.o(i.u8x8_InitDisplay)
    u8x8_RefreshDisplay                      0x08002fff   Thumb Code    16  u8x8_display.o(i.u8x8_RefreshDisplay)
    u8x8_SetPowerSave                        0x0800300f   Thumb Code    16  u8x8_display.o(i.u8x8_SetPowerSave)
    u8x8_Setup                               0x0800301f   Thumb Code    34  u8x8_setup.o(i.u8x8_Setup)
    u8x8_SetupDefaults                       0x08003041   Thumb Code    32  u8x8_setup.o(i.u8x8_SetupDefaults)
    u8x8_SetupMemory                         0x08003065   Thumb Code    16  u8x8_display.o(i.u8x8_SetupMemory)
    u8x8_ascii_next                          0x08003075   Thumb Code    14  u8x8_8x8.o(i.u8x8_ascii_next)
    u8x8_byte_EndTransfer                    0x08003083   Thumb Code    16  u8x8_byte.o(i.u8x8_byte_EndTransfer)
    u8x8_byte_SendByte                       0x08003093   Thumb Code    14  u8x8_byte.o(i.u8x8_byte_SendByte)
    u8x8_byte_StartTransfer                  0x080030a1   Thumb Code    16  u8x8_byte.o(i.u8x8_byte_StartTransfer)
    u8x8_byte_hw_i2c                         0x080030b1   Thumb Code    98  stm32_u8g2.o(i.u8x8_byte_hw_i2c)
    u8x8_cad_EndTransfer                     0x08003121   Thumb Code    16  u8x8_cad.o(i.u8x8_cad_EndTransfer)
    u8x8_cad_SendArg                         0x08003131   Thumb Code    16  u8x8_cad.o(i.u8x8_cad_SendArg)
    u8x8_cad_SendCmd                         0x08003141   Thumb Code    16  u8x8_cad.o(i.u8x8_cad_SendCmd)
    u8x8_cad_SendData                        0x08003151   Thumb Code    16  u8x8_cad.o(i.u8x8_cad_SendData)
    u8x8_cad_SendSequence                    0x08003161   Thumb Code   104  u8x8_cad.o(i.u8x8_cad_SendSequence)
    u8x8_cad_StartTransfer                   0x080031c9   Thumb Code    16  u8x8_cad.o(i.u8x8_cad_StartTransfer)
    u8x8_cad_ssd13xx_fast_i2c                0x080031d9   Thumb Code   182  u8x8_cad.o(i.u8x8_cad_ssd13xx_fast_i2c)
    u8x8_d_helper_display_init               0x08003295   Thumb Code    96  u8x8_display.o(i.u8x8_d_helper_display_init)
    u8x8_d_helper_display_setup_memory       0x080032f5   Thumb Code    10  u8x8_display.o(i.u8x8_d_helper_display_setup_memory)
    u8x8_d_ssd1306_128x64_noname             0x08003301   Thumb Code    52  u8x8_d_ssd1306_128x64_noname.o(i.u8x8_d_ssd1306_128x64_noname)
    u8x8_dummy_cb                            0x08003405   Thumb Code     4  u8x8_setup.o(i.u8x8_dummy_cb)
    u8x8_gpio_and_delay                      0x08003409   Thumb Code    98  stm32_u8g2.o(i.u8x8_gpio_and_delay)
    u8x8_gpio_call                           0x0800346b   Thumb Code    12  u8x8_gpio.o(i.u8x8_gpio_call)
    u8x8_utf8_init                           0x080034a3   Thumb Code     8  u8x8_8x8.o(i.u8x8_utf8_init)
    __aeabi_ddiv                             0x080034ad   Thumb Code     0  ddiv.o(x$fpl$ddiv)
    _ddiv                                    0x080034ad   Thumb Code   552  ddiv.o(x$fpl$ddiv)
    __aeabi_d2iz                             0x0800375d   Thumb Code     0  dfix.o(x$fpl$dfix)
    _dfix                                    0x0800375d   Thumb Code    94  dfix.o(x$fpl$dfix)
    __aeabi_i2d                              0x080037bb   Thumb Code     0  dflt_clz.o(x$fpl$dflt)
    _dflt                                    0x080037bb   Thumb Code    46  dflt_clz.o(x$fpl$dflt)
    __aeabi_dmul                             0x080037e9   Thumb Code     0  dmul.o(x$fpl$dmul)
    _dmul                                    0x080037e9   Thumb Code   332  dmul.o(x$fpl$dmul)
    __fpl_dnaninf                            0x0800393d   Thumb Code   156  dnaninf.o(x$fpl$dnaninf)
    __fpl_dretinf                            0x080039d9   Thumb Code    12  dretinf.o(x$fpl$dretinf)
    __I$use$fp                               0x080039e4   Number         0  usenofp.o(x$fpl$usenofp)
    AHBPrescTable                            0x080039f6   Data          16  system_stm32f1xx.o(.constdata)
    APBPrescTable                            0x08003a06   Data           8  system_stm32f1xx.o(.constdata)
    u8g2_font_u8glib_4_tf                    0x08003a0e   Data        1782  u8g2_fonts.o(.constdata)
    u8g2_font_4x6_tr                         0x08004104   Data         723  u8g2_fonts.o(.constdata)
    u8g2_font_ncenB08_tf                     0x080043d7   Data        2465  u8g2_fonts.o(.constdata)
    u8g2_font_ncenB10_tr                     0x08004d78   Data        1559  u8g2_fonts.o(.constdata)
    u8g2_font_ncenB12_tf                     0x0800538f   Data        3863  u8g2_fonts.o(.constdata)
    u8g2_font_ncenB14_tf                     0x080062a6   Data        4481  u8g2_fonts.o(.constdata)
    u8g2_font_inb24_mf                       0x08007427   Data        8821  u8g2_fonts.o(.constdata)
    u8g2_font_inb30_mn                       0x0800969c   Data         807  u8g2_fonts.o(.constdata)
    u8g2_cb_r0                               0x080099c4   Data          12  u8g2_setup.o(.constdata)
    bilibili                                 0x08009b28   Data         768  test.o(.constdata)
    three_support                            0x08009e28   Data         768  test.o(.constdata)
    Region$$Table$$Base                      0x0800a128   Number         0  anon$$obj.o(Region$$Table)
    Region$$Table$$Limit                     0x0800a148   Number         0  anon$$obj.o(Region$$Table)
    uwTickFreq                               0x20000004   Data           1  stm32f1xx_hal.o(.data)
    uwTickPrio                               0x20000008   Data           4  stm32f1xx_hal.o(.data)
    uwTick                                   0x2000000c   Data           4  stm32f1xx_hal.o(.data)
    SystemCoreClock                          0x20000010   Data           4  system_stm32f1xx.o(.data)
    hi2c2                                    0x2000001c   Data          84  i2c.o(.bss)
    htim1                                    0x20000070   Data          72  tim.o(.bss)
    __libspace_start                         0x20000538   Data          96  libspace.o(.bss)
    __temporary_stack_top$libspace           0x20000598   Data           0  libspace.o(.bss)



==============================================================================

Memory Map of the image

  Image Entry point : 0x080000ed

  Load Region LR_IROM1 (Base: 0x08000000, Size: 0x0000a164, Max: 0x00010000, ABSOLUTE)

    Execution Region ER_IROM1 (Exec base: 0x08000000, Load base: 0x08000000, Size: 0x0000a148, Max: 0x00010000, ABSOLUTE)

    Exec Addr    Load Addr    Size         Type   Attr      Idx    E Section Name        Object

    0x08000000   0x08000000   0x000000ec   Data   RO            3    RESET               startup_stm32f103xb.o
    0x080000ec   0x080000ec   0x00000008   Code   RO         7907  * !!!main             c_w.l(__main.o)
    0x080000f4   0x080000f4   0x00000034   Code   RO         8094    !!!scatter          c_w.l(__scatter.o)
    0x08000128   0x08000128   0x0000001a   Code   RO         8096    !!handler_copy      c_w.l(__scatter_copy.o)
    0x08000142   0x08000142   0x00000002   PAD
    0x08000144   0x08000144   0x0000001c   Code   RO         8098    !!handler_zi        c_w.l(__scatter_zi.o)
    0x08000160   0x08000160   0x00000000   Code   RO         7898    .ARM.Collect$$_printf_percent$$00000000  c_w.l(_printf_percent.o)
    0x08000160   0x08000160   0x00000006   Code   RO         7897    .ARM.Collect$$_printf_percent$$00000009  c_w.l(_printf_d.o)
    0x08000166   0x08000166   0x00000004   Code   RO         7932    .ARM.Collect$$_printf_percent$$00000017  c_w.l(_printf_percent_end.o)
    0x0800016a   0x0800016a   0x00000002   Code   RO         7964    .ARM.Collect$$libinit$$00000000  c_w.l(libinit.o)
    0x0800016c   0x0800016c   0x00000000   Code   RO         7971    .ARM.Collect$$libinit$$00000002  c_w.l(libinit2.o)
    0x0800016c   0x0800016c   0x00000000   Code   RO         7973    .ARM.Collect$$libinit$$00000004  c_w.l(libinit2.o)
    0x0800016c   0x0800016c   0x00000000   Code   RO         7976    .ARM.Collect$$libinit$$0000000A  c_w.l(libinit2.o)
    0x0800016c   0x0800016c   0x00000000   Code   RO         7978    .ARM.Collect$$libinit$$0000000C  c_w.l(libinit2.o)
    0x0800016c   0x0800016c   0x00000000   Code   RO         7980    .ARM.Collect$$libinit$$0000000E  c_w.l(libinit2.o)
    0x0800016c   0x0800016c   0x00000000   Code   RO         7983    .ARM.Collect$$libinit$$00000011  c_w.l(libinit2.o)
    0x0800016c   0x0800016c   0x00000000   Code   RO         7985    .ARM.Collect$$libinit$$00000013  c_w.l(libinit2.o)
    0x0800016c   0x0800016c   0x00000000   Code   RO         7987    .ARM.Collect$$libinit$$00000015  c_w.l(libinit2.o)
    0x0800016c   0x0800016c   0x00000000   Code   RO         7989    .ARM.Collect$$libinit$$00000017  c_w.l(libinit2.o)
    0x0800016c   0x0800016c   0x00000000   Code   RO         7991    .ARM.Collect$$libinit$$00000019  c_w.l(libinit2.o)
    0x0800016c   0x0800016c   0x00000000   Code   RO         7993    .ARM.Collect$$libinit$$0000001B  c_w.l(libinit2.o)
    0x0800016c   0x0800016c   0x00000000   Code   RO         7995    .ARM.Collect$$libinit$$0000001D  c_w.l(libinit2.o)
    0x0800016c   0x0800016c   0x00000000   Code   RO         7997    .ARM.Collect$$libinit$$0000001F  c_w.l(libinit2.o)
    0x0800016c   0x0800016c   0x00000000   Code   RO         7999    .ARM.Collect$$libinit$$00000021  c_w.l(libinit2.o)
    0x0800016c   0x0800016c   0x00000000   Code   RO         8001    .ARM.Collect$$libinit$$00000023  c_w.l(libinit2.o)
    0x0800016c   0x0800016c   0x00000000   Code   RO         8003    .ARM.Collect$$libinit$$00000025  c_w.l(libinit2.o)
    0x0800016c   0x0800016c   0x00000000   Code   RO         8007    .ARM.Collect$$libinit$$0000002C  c_w.l(libinit2.o)
    0x0800016c   0x0800016c   0x00000000   Code   RO         8009    .ARM.Collect$$libinit$$0000002E  c_w.l(libinit2.o)
    0x0800016c   0x0800016c   0x00000000   Code   RO         8011    .ARM.Collect$$libinit$$00000030  c_w.l(libinit2.o)
    0x0800016c   0x0800016c   0x00000000   Code   RO         8013    .ARM.Collect$$libinit$$00000032  c_w.l(libinit2.o)
    0x0800016c   0x0800016c   0x00000002   Code   RO         8014    .ARM.Collect$$libinit$$00000033  c_w.l(libinit2.o)
    0x0800016e   0x0800016e   0x00000002   Code   RO         8034    .ARM.Collect$$libshutdown$$00000000  c_w.l(libshutdown.o)
    0x08000170   0x08000170   0x00000000   Code   RO         8047    .ARM.Collect$$libshutdown$$00000002  c_w.l(libshutdown2.o)
    0x08000170   0x08000170   0x00000000   Code   RO         8049    .ARM.Collect$$libshutdown$$00000004  c_w.l(libshutdown2.o)
    0x08000170   0x08000170   0x00000000   Code   RO         8052    .ARM.Collect$$libshutdown$$00000007  c_w.l(libshutdown2.o)
    0x08000170   0x08000170   0x00000000   Code   RO         8055    .ARM.Collect$$libshutdown$$0000000A  c_w.l(libshutdown2.o)
    0x08000170   0x08000170   0x00000000   Code   RO         8057    .ARM.Collect$$libshutdown$$0000000C  c_w.l(libshutdown2.o)
    0x08000170   0x08000170   0x00000000   Code   RO         8060    .ARM.Collect$$libshutdown$$0000000F  c_w.l(libshutdown2.o)
    0x08000170   0x08000170   0x00000002   Code   RO         8061    .ARM.Collect$$libshutdown$$00000010  c_w.l(libshutdown2.o)
    0x08000172   0x08000172   0x00000000   Code   RO         7925    .ARM.Collect$$rtentry$$00000000  c_w.l(__rtentry.o)
    0x08000172   0x08000172   0x00000000   Code   RO         7939    .ARM.Collect$$rtentry$$00000002  c_w.l(__rtentry2.o)
    0x08000172   0x08000172   0x00000006   Code   RO         7951    .ARM.Collect$$rtentry$$00000004  c_w.l(__rtentry4.o)
    0x08000178   0x08000178   0x00000000   Code   RO         7941    .ARM.Collect$$rtentry$$00000009  c_w.l(__rtentry2.o)
    0x08000178   0x08000178   0x00000004   Code   RO         7942    .ARM.Collect$$rtentry$$0000000A  c_w.l(__rtentry2.o)
    0x0800017c   0x0800017c   0x00000000   Code   RO         7944    .ARM.Collect$$rtentry$$0000000C  c_w.l(__rtentry2.o)
    0x0800017c   0x0800017c   0x00000008   Code   RO         7945    .ARM.Collect$$rtentry$$0000000D  c_w.l(__rtentry2.o)
    0x08000184   0x08000184   0x00000002   Code   RO         7968    .ARM.Collect$$rtexit$$00000000  c_w.l(rtexit.o)
    0x08000186   0x08000186   0x00000000   Code   RO         8016    .ARM.Collect$$rtexit$$00000002  c_w.l(rtexit2.o)
    0x08000186   0x08000186   0x00000004   Code   RO         8017    .ARM.Collect$$rtexit$$00000003  c_w.l(rtexit2.o)
    0x0800018a   0x0800018a   0x00000006   Code   RO         8018    .ARM.Collect$$rtexit$$00000004  c_w.l(rtexit2.o)
    0x08000190   0x08000190   0x00000040   Code   RO            4    .text               startup_stm32f103xb.o
    0x080001d0   0x080001d0   0x00000028   Code   RO         7871    .text               c_w.l(noretval__2sprintf.o)
    0x080001f8   0x080001f8   0x00000068   Code   RO         7873    .text               c_w.l(__printf.o)
    0x08000260   0x08000260   0x00000078   Code   RO         7875    .text               c_w.l(_printf_dec.o)
    0x080002d8   0x080002d8   0x00000044   Code   RO         7901    .text               c_w.l(rt_memclr.o)
    0x0800031c   0x0800031c   0x0000004e   Code   RO         7903    .text               c_w.l(rt_memclr_w.o)
    0x0800036a   0x0800036a   0x00000006   Code   RO         7905    .text               c_w.l(heapauxi.o)
    0x08000370   0x08000370   0x000000b2   Code   RO         7926    .text               c_w.l(_printf_intcommon.o)
    0x08000422   0x08000422   0x00000002   PAD
    0x08000424   0x08000424   0x00000030   Code   RO         7928    .text               c_w.l(_printf_char_common.o)
    0x08000454   0x08000454   0x0000000a   Code   RO         7930    .text               c_w.l(_sputc.o)
    0x0800045e   0x0800045e   0x0000004a   Code   RO         7955    .text               c_w.l(sys_stackheap_outer.o)
    0x080004a8   0x080004a8   0x00000012   Code   RO         7957    .text               c_w.l(exit.o)
    0x080004ba   0x080004ba   0x00000002   PAD
    0x080004bc   0x080004bc   0x00000008   Code   RO         7965    .text               c_w.l(libspace.o)
    0x080004c4   0x080004c4   0x0000000c   Code   RO         8026    .text               c_w.l(sys_exit.o)
    0x080004d0   0x080004d0   0x00000002   Code   RO         8037    .text               c_w.l(use_no_semi.o)
    0x080004d2   0x080004d2   0x00000000   Code   RO         8039    .text               c_w.l(indicate_semi.o)
    0x080004d2   0x080004d2   0x00000002   Code   RO          276    i.BusFault_Handler  stm32f1xx_it.o
    0x080004d4   0x080004d4   0x00000002   Code   RO          277    i.DebugMon_Handler  stm32f1xx_it.o
    0x080004d6   0x080004d6   0x00000004   Code   RO           13    i.Error_Handler     main.o
    0x080004da   0x080004da   0x00000002   PAD
    0x080004dc   0x080004dc   0x00000024   Code   RO          926    i.HAL_Delay         stm32f1xx_hal.o
    0x08000500   0x08000500   0x000001e0   Code   RO         1236    i.HAL_GPIO_Init     stm32f1xx_hal_gpio.o
    0x080006e0   0x080006e0   0x0000000c   Code   RO          930    i.HAL_GetTick       stm32f1xx_hal.o
    0x080006ec   0x080006ec   0x00000188   Code   RO          493    i.HAL_I2C_Init      stm32f1xx_hal_i2c.o
    0x08000874   0x08000874   0x0000012c   Code   RO          506    i.HAL_I2C_Master_Transmit  stm32f1xx_hal_i2c.o
    0x080009a0   0x080009a0   0x00000060   Code   RO          193    i.HAL_I2C_MspInit   i2c.o
    0x08000a00   0x08000a00   0x00000010   Code   RO          936    i.HAL_IncTick       stm32f1xx_hal.o
    0x08000a10   0x08000a10   0x00000024   Code   RO          937    i.HAL_Init          stm32f1xx_hal.o
    0x08000a34   0x08000a34   0x00000040   Code   RO          938    i.HAL_InitTick      stm32f1xx_hal.o
    0x08000a74   0x08000a74   0x0000003c   Code   RO          351    i.HAL_MspInit       stm32f1xx_hal_msp.o
    0x08000ab0   0x08000ab0   0x00000040   Code   RO         1402    i.HAL_NVIC_SetPriority  stm32f1xx_hal_cortex.o
    0x08000af0   0x08000af0   0x00000024   Code   RO         1403    i.HAL_NVIC_SetPriorityGrouping  stm32f1xx_hal_cortex.o
    0x08000b14   0x08000b14   0x0000012c   Code   RO         1094    i.HAL_RCC_ClockConfig  stm32f1xx_hal_rcc.o
    0x08000c40   0x08000c40   0x00000020   Code   RO         1101    i.HAL_RCC_GetPCLK1Freq  stm32f1xx_hal_rcc.o
    0x08000c60   0x08000c60   0x0000004c   Code   RO         1103    i.HAL_RCC_GetSysClockFreq  stm32f1xx_hal_rcc.o
    0x08000cac   0x08000cac   0x00000320   Code   RO         1106    i.HAL_RCC_OscConfig  stm32f1xx_hal_rcc.o
    0x08000fcc   0x08000fcc   0x00000028   Code   RO         1407    i.HAL_SYSTICK_Config  stm32f1xx_hal_cortex.o
    0x08000ff4   0x08000ff4   0x00000068   Code   RO         2621    i.HAL_TIMEx_MasterConfigSynchronization  stm32f1xx_hal_tim_ex.o
    0x0800105c   0x0800105c   0x0000005a   Code   RO         1898    i.HAL_TIM_Base_Init  stm32f1xx_hal_tim.o
    0x080010b6   0x080010b6   0x00000002   PAD
    0x080010b8   0x080010b8   0x00000028   Code   RO          235    i.HAL_TIM_Base_MspInit  tim.o
    0x080010e0   0x080010e0   0x000000dc   Code   RO         1907    i.HAL_TIM_ConfigClockSource  stm32f1xx_hal_tim.o
    0x080011bc   0x080011bc   0x00000002   Code   RO          278    i.HardFault_Handler  stm32f1xx_it.o
    0x080011be   0x080011be   0x0000002e   Code   RO          536    i.I2C_IsAcknowledgeFailed  stm32f1xx_hal_i2c.o
    0x080011ec   0x080011ec   0x0000009c   Code   RO          540    i.I2C_MasterRequestWrite  stm32f1xx_hal_i2c.o
    0x08001288   0x08001288   0x00000056   Code   RO          551    i.I2C_WaitOnBTFFlagUntilTimeout  stm32f1xx_hal_i2c.o
    0x080012de   0x080012de   0x00000002   PAD
    0x080012e0   0x080012e0   0x00000090   Code   RO          552    i.I2C_WaitOnFlagUntilTimeout  stm32f1xx_hal_i2c.o
    0x08001370   0x08001370   0x000000bc   Code   RO          553    i.I2C_WaitOnMasterAddressFlagUntilTimeout  stm32f1xx_hal_i2c.o
    0x0800142c   0x0800142c   0x00000056   Code   RO          555    i.I2C_WaitOnTXEFlagUntilTimeout  stm32f1xx_hal_i2c.o
    0x08001482   0x08001482   0x00000002   PAD
    0x08001484   0x08001484   0x0000003c   Code   RO          168    i.MX_GPIO_Init      gpio.o
    0x080014c0   0x080014c0   0x00000040   Code   RO          194    i.MX_I2C2_Init      i2c.o
    0x08001500   0x08001500   0x00000068   Code   RO          236    i.MX_TIM1_Init      tim.o
    0x08001568   0x08001568   0x00000002   Code   RO          279    i.MemManage_Handler  stm32f1xx_it.o
    0x0800156a   0x0800156a   0x00000002   Code   RO          280    i.NMI_Handler       stm32f1xx_it.o
    0x0800156c   0x0800156c   0x00000002   Code   RO          281    i.PendSV_Handler    stm32f1xx_it.o
    0x0800156e   0x0800156e   0x00000002   Code   RO          282    i.SVC_Handler       stm32f1xx_it.o
    0x08001570   0x08001570   0x00000004   Code   RO          283    i.SysTick_Handler   stm32f1xx_it.o
    0x08001574   0x08001574   0x0000005e   Code   RO           14    i.SystemClock_Config  main.o
    0x080015d2   0x080015d2   0x00000002   Code   RO         2870    i.SystemInit        system_stm32f1xx.o
    0x080015d4   0x080015d4   0x00000078   Code   RO         1991    i.TIM_Base_SetConfig  stm32f1xx_hal_tim.o
    0x0800164c   0x0800164c   0x00000014   Code   RO         2002    i.TIM_ETR_SetConfig  stm32f1xx_hal_tim.o
    0x08001660   0x08001660   0x00000010   Code   RO         2003    i.TIM_ITRx_SetConfig  stm32f1xx_hal_tim.o
    0x08001670   0x08001670   0x00000022   Code   RO         2009    i.TIM_TI1_ConfigInputStage  stm32f1xx_hal_tim.o
    0x08001692   0x08001692   0x00000024   Code   RO         2011    i.TIM_TI2_ConfigInputStage  stm32f1xx_hal_tim.o
    0x080016b6   0x080016b6   0x00000002   Code   RO          284    i.UsageFault_Handler  stm32f1xx_it.o
    0x080016b8   0x080016b8   0x00000020   Code   RO         1409    i.__NVIC_SetPriority  stm32f1xx_hal_cortex.o
    0x080016d8   0x080016d8   0x00000044   Code   RO          375    i.displayIdName     stm32_u8g2.o
    0x0800171c   0x0800171c   0x00000100   Code   RO          376    i.draw              stm32_u8g2.o
    0x0800181c   0x0800181c   0x0000004c   Code   RO           15    i.main              main.o
    0x08001868   0x08001868   0x0000004c   Code   RO          377    i.slideLeftRight    stm32_u8g2.o
    0x080018b4   0x080018b4   0x0000004c   Code   RO          378    i.slideUpDown       stm32_u8g2.o
    0x08001900   0x08001900   0x000001ae   Code   RO         7789    i.testDrawMulti     test.o
    0x08001aae   0x08001aae   0x00000002   PAD
    0x08001ab0   0x08001ab0   0x000000c4   Code   RO         7790    i.testDrawProcess   test.o
    0x08001b74   0x08001b74   0x00000088   Code   RO         7792    i.testDrawXBM       test.o
    0x08001bfc   0x08001bfc   0x00000094   Code   RO         7793    i.testShowFont      test.o
    0x08001c90   0x08001c90   0x0000001e   Code   RO         7794    i.u8g2DrawTest      test.o
    0x08001cae   0x08001cae   0x00000002   PAD
    0x08001cb0   0x08001cb0   0x00000034   Code   RO          380    i.u8g2Init          stm32_u8g2.o
    0x08001ce4   0x08001ce4   0x00000012   Code   RO         3764    i.u8g2_ClearBuffer  u8g2_buffer.o
    0x08001cf6   0x08001cf6   0x00000044   Code   RO         3734    i.u8g2_DrawBox      u8g2_box.o
    0x08001d3a   0x08001d3a   0x00000040   Code   RO         3858    i.u8g2_DrawCircle   u8g2_circle.o
    0x08001d7a   0x08001d7a   0x00000040   Code   RO         3859    i.u8g2_DrawDisc     u8g2_circle.o
    0x08001dba   0x08001dba   0x00000044   Code   RO         3860    i.u8g2_DrawEllipse  u8g2_circle.o
    0x08001dfe   0x08001dfe   0x00000044   Code   RO         3861    i.u8g2_DrawFilledEllipse  u8g2_circle.o
    0x08001e42   0x08001e42   0x00000088   Code   RO         3735    i.u8g2_DrawFrame    u8g2_box.o
    0x08001eca   0x08001eca   0x00000070   Code   RO         3942    i.u8g2_DrawGlyph    u8g2_font.o
    0x08001f3a   0x08001f3a   0x0000000c   Code   RO         6307    i.u8g2_DrawHLine    u8g2_hvline.o
    0x08001f46   0x08001f46   0x00000002   PAD
    0x08001f48   0x08001f48   0x000000ac   Code   RO         6308    i.u8g2_DrawHVLine   u8g2_hvline.o
    0x08001ff4   0x08001ff4   0x000000ac   Code   RO         3687    i.u8g2_DrawHXBM     u8g2_bitmap.o
    0x080020a0   0x080020a0   0x0000002e   Code   RO         6309    i.u8g2_DrawPixel    u8g2_hvline.o
    0x080020ce   0x080020ce   0x000000e6   Code   RO         3736    i.u8g2_DrawRBox     u8g2_box.o
    0x080021b4   0x080021b4   0x00000102   Code   RO         3737    i.u8g2_DrawRFrame   u8g2_box.o
    0x080022b6   0x080022b6   0x00000002   PAD
    0x080022b8   0x080022b8   0x00000010   Code   RO         3945    i.u8g2_DrawStr      u8g2_font.o
    0x080022c8   0x080022c8   0x0000000c   Code   RO         6310    i.u8g2_DrawVLine    u8g2_hvline.o
    0x080022d4   0x080022d4   0x0000004c   Code   RO         3690    i.u8g2_DrawXBM      u8g2_bitmap.o
    0x08002320   0x08002320   0x0000001c   Code   RO         3765    i.u8g2_FirstPage    u8g2_buffer.o
    0x0800233c   0x0800233c   0x00000030   Code   RO         6369    i.u8g2_IsIntersection  u8g2_intersection.o
    0x0800236c   0x0800236c   0x0000003e   Code   RO         3766    i.u8g2_NextPage     u8g2_buffer.o
    0x080023aa   0x080023aa   0x00000012   Code   RO         3767    i.u8g2_SendBuffer   u8g2_buffer.o
    0x080023bc   0x080023bc   0x0000001c   Code   RO         3768    i.u8g2_SetBufferCurrTileRow  u8g2_buffer.o
    0x080023d8   0x080023d8   0x00000020   Code   RO         3963    i.u8g2_SetFont      u8g2_font.o
    0x080023f8   0x080023f8   0x00000006   Code   RO         3964    i.u8g2_SetFontDirection  u8g2_font.o
    0x080023fe   0x080023fe   0x00000006   Code   RO         3965    i.u8g2_SetFontMode  u8g2_font.o
    0x08002404   0x08002404   0x0000000c   Code   RO         3966    i.u8g2_SetFontPosBaseline  u8g2_font.o
    0x08002410   0x08002410   0x0000001c   Code   RO         6557    i.u8g2_SetMaxClipWindow  u8g2_setup.o
    0x0800242c   0x0800242c   0x00000046   Code   RO         6558    i.u8g2_SetupBuffer  u8g2_setup.o
    0x08002472   0x08002472   0x00000002   PAD
    0x08002474   0x08002474   0x00000038   Code   RO         2920    i.u8g2_Setup_ssd1306_i2c_128x64_noname_f  u8g2_d_setup.o
    0x080024ac   0x080024ac   0x00000052   Code   RO         3973    i.u8g2_UpdateRefHeight  u8g2_font.o
    0x080024fe   0x080024fe   0x0000001c   Code   RO         3974    i.u8g2_add_vector_x  u8g2_font.o
    0x0800251a   0x0800251a   0x0000001c   Code   RO         3975    i.u8g2_add_vector_y  u8g2_font.o
    0x08002536   0x08002536   0x0000006e   Code   RO         6560    i.u8g2_apply_clip_window  u8g2_setup.o
    0x080025a4   0x080025a4   0x0000003c   Code   RO         6312    i.u8g2_clip_intersection2  u8g2_hvline.o
    0x080025e0   0x080025e0   0x0000006a   Code   RO         3862    i.u8g2_draw_circle  u8g2_circle.o
    0x0800264a   0x0800264a   0x000000ba   Code   RO         3863    i.u8g2_draw_circle_section  u8g2_circle.o
    0x08002704   0x08002704   0x0000006a   Code   RO         3864    i.u8g2_draw_disc    u8g2_circle.o
    0x0800276e   0x0800276e   0x000000cc   Code   RO         3865    i.u8g2_draw_disc_section  u8g2_circle.o
    0x0800283a   0x0800283a   0x000000dc   Code   RO         3866    i.u8g2_draw_ellipse  u8g2_circle.o
    0x08002916   0x08002916   0x00000060   Code   RO         3867    i.u8g2_draw_ellipse_section  u8g2_circle.o
    0x08002976   0x08002976   0x000000dc   Code   RO         3868    i.u8g2_draw_filled_ellipse  u8g2_circle.o
    0x08002a52   0x08002a52   0x0000006a   Code   RO         3869    i.u8g2_draw_filled_ellipse_section  u8g2_circle.o
    0x08002abc   0x08002abc   0x00000012   Code   RO         6313    i.u8g2_draw_hv_line_2dir  u8g2_hvline.o
    0x08002ace   0x08002ace   0x0000000c   Code   RO         6562    i.u8g2_draw_l90_r0  u8g2_setup.o
    0x08002ada   0x08002ada   0x00000076   Code   RO         3976    i.u8g2_draw_string  u8g2_font.o
    0x08002b50   0x08002b50   0x00000004   Code   RO         3982    i.u8g2_font_calc_vref_font  u8g2_font.o
    0x08002b54   0x08002b54   0x00000014   Code   RO         3984    i.u8g2_font_decode_get_signed_bits  u8g2_font.o
    0x08002b68   0x08002b68   0x00000034   Code   RO         3985    i.u8g2_font_decode_get_unsigned_bits  u8g2_font.o
    0x08002b9c   0x08002b9c   0x00000114   Code   RO         3986    i.u8g2_font_decode_glyph  u8g2_font.o
    0x08002cb0   0x08002cb0   0x0000008c   Code   RO         3987    i.u8g2_font_decode_len  u8g2_font.o
    0x08002d3c   0x08002d3c   0x00000072   Code   RO         3988    i.u8g2_font_get_glyph_data  u8g2_font.o
    0x08002dae   0x08002dae   0x00000014   Code   RO         3989    i.u8g2_font_get_word  u8g2_font.o
    0x08002dc2   0x08002dc2   0x00000034   Code   RO         3990    i.u8g2_font_setup_decode  u8g2_font.o
    0x08002df6   0x08002df6   0x00000018   Code   RO         6370    i.u8g2_is_intersection_decision_tree  u8g2_intersection.o
    0x08002e0e   0x08002e0e   0x00000002   PAD
    0x08002e10   0x08002e10   0x00000090   Code   RO         6418    i.u8g2_ll_hvline_vertical_top_lsb  u8g2_ll_hvline.o
    0x08002ea0   0x08002ea0   0x0000000c   Code   RO         2904    i.u8g2_m_16_8_f     u8g2_d_memory.o
    0x08002eac   0x08002eac   0x0000006a   Code   RO         3991    i.u8g2_read_font_info  u8g2_font.o
    0x08002f16   0x08002f16   0x0000004e   Code   RO         3775    i.u8g2_send_buffer  u8g2_buffer.o
    0x08002f64   0x08002f64   0x00000046   Code   RO         6567    i.u8g2_update_dimension_common  u8g2_setup.o
    0x08002faa   0x08002faa   0x00000004   Code   RO         6568    i.u8g2_update_dimension_r0  u8g2_setup.o
    0x08002fae   0x08002fae   0x00000022   Code   RO         6572    i.u8g2_update_page_win_r0  u8g2_setup.o
    0x08002fd0   0x08002fd0   0x0000001e   Code   RO         7352    i.u8x8_DrawTile     u8x8_display.o
    0x08002fee   0x08002fee   0x00000010   Code   RO         7354    i.u8x8_InitDisplay  u8x8_display.o
    0x08002ffe   0x08002ffe   0x00000010   Code   RO         7356    i.u8x8_RefreshDisplay  u8x8_display.o
    0x0800300e   0x0800300e   0x00000010   Code   RO         7359    i.u8x8_SetPowerSave  u8x8_display.o
    0x0800301e   0x0800301e   0x00000022   Code   RO         7658    i.u8x8_Setup        u8x8_setup.o
    0x08003040   0x08003040   0x00000024   Code   RO         7659    i.u8x8_SetupDefaults  u8x8_setup.o
    0x08003064   0x08003064   0x00000010   Code   RO         7360    i.u8x8_SetupMemory  u8x8_display.o
    0x08003074   0x08003074   0x0000000e   Code   RO         6852    i.u8x8_ascii_next   u8x8_8x8.o
    0x08003082   0x08003082   0x00000010   Code   RO         6978    i.u8x8_byte_EndTransfer  u8x8_byte.o
    0x08003092   0x08003092   0x0000000e   Code   RO         6979    i.u8x8_byte_SendByte  u8x8_byte.o
    0x080030a0   0x080030a0   0x00000010   Code   RO         6982    i.u8x8_byte_StartTransfer  u8x8_byte.o
    0x080030b0   0x080030b0   0x00000070   Code   RO          381    i.u8x8_byte_hw_i2c  stm32_u8g2.o
    0x08003120   0x08003120   0x00000010   Code   RO         7099    i.u8x8_cad_EndTransfer  u8x8_cad.o
    0x08003130   0x08003130   0x00000010   Code   RO         7100    i.u8x8_cad_SendArg  u8x8_cad.o
    0x08003140   0x08003140   0x00000010   Code   RO         7101    i.u8x8_cad_SendCmd  u8x8_cad.o
    0x08003150   0x08003150   0x00000010   Code   RO         7102    i.u8x8_cad_SendData  u8x8_cad.o
    0x08003160   0x08003160   0x00000068   Code   RO         7104    i.u8x8_cad_SendSequence  u8x8_cad.o
    0x080031c8   0x080031c8   0x00000010   Code   RO         7105    i.u8x8_cad_StartTransfer  u8x8_cad.o
    0x080031d8   0x080031d8   0x000000bc   Code   RO         7108    i.u8x8_cad_ssd13xx_fast_i2c  u8x8_cad.o
    0x08003294   0x08003294   0x00000060   Code   RO         7361    i.u8x8_d_helper_display_init  u8x8_display.o
    0x080032f4   0x080032f4   0x0000000a   Code   RO         7362    i.u8x8_d_helper_display_setup_memory  u8x8_display.o
    0x080032fe   0x080032fe   0x00000002   PAD
    0x08003300   0x08003300   0x0000003c   Code   RO         7286    i.u8x8_d_ssd1306_128x64_noname  u8x8_d_ssd1306_128x64_noname.o
    0x0800333c   0x0800333c   0x000000c8   Code   RO         7288    i.u8x8_d_ssd1306_sh1106_generic  u8x8_d_ssd1306_128x64_noname.o
    0x08003404   0x08003404   0x00000004   Code   RO         7661    i.u8x8_dummy_cb     u8x8_setup.o
    0x08003408   0x08003408   0x00000062   Code   RO          382    i.u8x8_gpio_and_delay  stm32_u8g2.o
    0x0800346a   0x0800346a   0x0000000c   Code   RO         7580    i.u8x8_gpio_call    u8x8_gpio.o
    0x08003476   0x08003476   0x0000002c   Code   RO         7116    i.u8x8_i2c_data_transfer  u8x8_cad.o
    0x080034a2   0x080034a2   0x00000008   Code   RO         6860    i.u8x8_utf8_init    u8x8_8x8.o
    0x080034aa   0x080034aa   0x00000002   PAD
    0x080034ac   0x080034ac   0x000002b0   Code   RO         7910    x$fpl$ddiv          fz_ws.l(ddiv.o)
    0x0800375c   0x0800375c   0x0000005e   Code   RO         7913    x$fpl$dfix          fz_ws.l(dfix.o)
    0x080037ba   0x080037ba   0x0000002e   Code   RO         7918    x$fpl$dflt          fz_ws.l(dflt_clz.o)
    0x080037e8   0x080037e8   0x00000154   Code   RO         7923    x$fpl$dmul          fz_ws.l(dmul.o)
    0x0800393c   0x0800393c   0x0000009c   Code   RO         7933    x$fpl$dnaninf       fz_ws.l(dnaninf.o)
    0x080039d8   0x080039d8   0x0000000c   Code   RO         7935    x$fpl$dretinf       fz_ws.l(dretinf.o)
    0x080039e4   0x080039e4   0x00000000   Code   RO         7937    x$fpl$usenofp       fz_ws.l(usenofp.o)
    0x080039e4   0x080039e4   0x00000012   Data   RO         1107    .constdata          stm32f1xx_hal_rcc.o
    0x080039f6   0x080039f6   0x00000010   Data   RO         2871    .constdata          system_stm32f1xx.o
    0x08003a06   0x08003a06   0x00000008   Data   RO         2872    .constdata          system_stm32f1xx.o
    0x08003a0e   0x08003a0e   0x000006f6   Data   RO         4256    .constdata          u8g2_fonts.o
    0x08004104   0x08004104   0x000002d3   Data   RO         4299    .constdata          u8g2_fonts.o
    0x080043d7   0x080043d7   0x000009a1   Data   RO         5636    .constdata          u8g2_fonts.o
    0x08004d78   0x08004d78   0x00000617   Data   RO         5641    .constdata          u8g2_fonts.o
    0x0800538f   0x0800538f   0x00000f17   Data   RO         5644    .constdata          u8g2_fonts.o
    0x080062a6   0x080062a6   0x00001181   Data   RO         5648    .constdata          u8g2_fonts.o
    0x08007427   0x08007427   0x00002275   Data   RO         6157    .constdata          u8g2_fonts.o
    0x0800969c   0x0800969c   0x00000327   Data   RO         6165    .constdata          u8g2_fonts.o
    0x080099c3   0x080099c3   0x00000001   PAD
    0x080099c4   0x080099c4   0x0000000c   Data   RO         6576    .constdata          u8g2_setup.o
    0x080099d0   0x080099d0   0x00000158   Data   RO         7290    .constdata          u8x8_d_ssd1306_128x64_noname.o
    0x08009b28   0x08009b28   0x00000600   Data   RO         7795    .constdata          test.o
    0x0800a128   0x0800a128   0x00000020   Data   RO         8092    Region$$Table       anon$$obj.o


    Execution Region RW_IRAM1 (Exec base: 0x20000000, Load base: 0x0800a148, Size: 0x00000b98, Max: 0x00005000, ABSOLUTE)

    Exec Addr    Load Addr    Size         Type   Attr      Idx    E Section Name        Object

    0x20000000   0x0800a148   0x00000001   Data   RW          384    .data               stm32_u8g2.o
    0x20000001   0x0800a149   0x00000003   PAD
    0x20000004   0x0800a14c   0x0000000c   Data   RW          944    .data               stm32f1xx_hal.o
    0x20000010   0x0800a158   0x00000004   Data   RW         2873    .data               system_stm32f1xx.o
    0x20000014   0x0800a15c   0x00000006   Data   RW         7118    .data               u8x8_cad.o
    0x2000001a   0x0800a162   0x00000002   PAD
    0x2000001c        -       0x00000054   Zero   RW          195    .bss                i2c.o
    0x20000070        -       0x00000048   Zero   RW          237    .bss                tim.o
    0x200000b8        -       0x00000080   Zero   RW          383    .bss                stm32_u8g2.o
    0x20000138        -       0x00000400   Zero   RW         2905    .bss                u8g2_d_memory.o
    0x20000538        -       0x00000060   Zero   RW         7966    .bss                c_w.l(libspace.o)
    0x20000598        -       0x00000200   Zero   RW            2    HEAP                startup_stm32f103xb.o
    0x20000798        -       0x00000400   Zero   RW            1    STACK               startup_stm32f103xb.o


==============================================================================

Image component sizes


      Code (inc. data)   RO Data    RW Data    ZI Data      Debug   Object Name

        60          6          0          0          0        823   gpio.o
       160         28          0          0         84       1641   i2c.o
       174          0          0          0          0     594243   main.o
        64         26        236          0       1536        812   startup_stm32f103xb.o
       738        148          0          1        128       4514   stm32_u8g2.o
       164         28          0         12          0       5921   stm32f1xx_hal.o
       172         14          0          0          0      28298   stm32f1xx_hal_cortex.o
       480         34          0          0          0       2268   stm32f1xx_hal_gpio.o
      1398         32          0          0          0       9129   stm32f1xx_hal_i2c.o
        60          8          0          0          0        878   stm32f1xx_hal_msp.o
      1208         72         18          0          0       4569   stm32f1xx_hal_rcc.o
       536         12          0          0          0       6103   stm32f1xx_hal_tim.o
       104         12          0          0          0       1364   stm32f1xx_hal_tim_ex.o
        20          0          0          0          0       3902   stm32f1xx_it.o
         2          0         24          4          0       1127   system_stm32f1xx.o
       940         92       1536          0          0       4131   test.o
       144         18          0          0         72       1634   tim.o
       248          0          0          0          0       2535   u8g2_bitmap.o
       692          0          0          0          0       3474   u8g2_box.o
       232          0          0          0          0       4688   u8g2_buffer.o
      1508          0          0          0          0      12090   u8g2_circle.o
        12          4          0          0       1024       1028   u8g2_d_memory.o
        56         14          0          0          0       1261   u8g2_d_setup.o
      1224         10          0          0          0      16356   u8g2_font.o
         0          0      24501          0          0     153480   u8g2_fonts.o
       320          0          0          0          0       4798   u8g2_hvline.o
        72          0          0          0          0       2151   u8g2_intersection.o
       144          0          0          0          0       1566   u8g2_ll_hvline.o
       328          0         12          0          0     154764   u8g2_setup.o
        22          0          0          0          0       2077   u8x8_8x8.o
        46          0          0          0          0       1875   u8x8_byte.o
       416         12          0          6          0       9656   u8x8_cad.o
       260         12        344          0          0       3383   u8x8_d_ssd1306_128x64_noname.o
       200          0          0          0          0       4934   u8x8_display.o
        12          0          0          0          0        657   u8x8_gpio.o
        74          4          0          0          0       1954   u8x8_setup.o

    ----------------------------------------------------------------------
     12314        586      26704         28       2844    1054084   Object Totals
         0          0         32          0          0          0   (incl. Generated)
        24          0          1          5          0          0   (incl. Padding)

    ----------------------------------------------------------------------

      Code (inc. data)   RO Data    RW Data    ZI Data      Debug   Library Member Name

         8          0          0          0          0         68   __main.o
       104          0          0          0          0         84   __printf.o
         0          0          0          0          0          0   __rtentry.o
        12          0          0          0          0          0   __rtentry2.o
         6          0          0          0          0          0   __rtentry4.o
        52          8          0          0          0          0   __scatter.o
        26          0          0          0          0          0   __scatter_copy.o
        28          0          0          0          0          0   __scatter_zi.o
        48          6          0          0          0         96   _printf_char_common.o
         6          0          0          0          0          0   _printf_d.o
       120         16          0          0          0         92   _printf_dec.o
       178          0          0          0          0         88   _printf_intcommon.o
         0          0          0          0          0          0   _printf_percent.o
         4          0          0          0          0          0   _printf_percent_end.o
        10          0          0          0          0         68   _sputc.o
        18          0          0          0          0         80   exit.o
         6          0          0          0          0        152   heapauxi.o
         0          0          0          0          0          0   indicate_semi.o
         2          0          0          0          0          0   libinit.o
         2          0          0          0          0          0   libinit2.o
         2          0          0          0          0          0   libshutdown.o
         2          0          0          0          0          0   libshutdown2.o
         8          4          0          0         96         68   libspace.o
        40          6          0          0          0         84   noretval__2sprintf.o
        68          0          0          0          0         68   rt_memclr.o
        78          0          0          0          0         80   rt_memclr_w.o
         2          0          0          0          0          0   rtexit.o
        10          0          0          0          0          0   rtexit2.o
        12          4          0          0          0         68   sys_exit.o
        74          0          0          0          0         80   sys_stackheap_outer.o
         2          0          0          0          0         68   use_no_semi.o
       688        140          0          0          0        208   ddiv.o
        94          4          0          0          0         92   dfix.o
        46          0          0          0          0         68   dflt_clz.o
       340         12          0          0          0        104   dmul.o
       156          4          0          0          0         92   dnaninf.o
        12          0          0          0          0         68   dretinf.o
         0          0          0          0          0          0   usenofp.o

    ----------------------------------------------------------------------
      2270        204          0          0         96       1876   Library Totals
         6          0          0          0          0          0   (incl. Padding)

    ----------------------------------------------------------------------

      Code (inc. data)   RO Data    RW Data    ZI Data      Debug   Library Name

       928         44          0          0         96       1244   c_w.l
      1336        160          0          0          0        632   fz_ws.l

    ----------------------------------------------------------------------
      2270        204          0          0         96       1876   Library Totals

    ----------------------------------------------------------------------

==============================================================================


      Code (inc. data)   RO Data    RW Data    ZI Data      Debug   

     14584        790      26704         28       2940    1047688   Grand Totals
     14584        790      26704         28       2940    1047688   ELF Image Totals
     14584        790      26704         28          0          0   ROM Totals

==============================================================================

    Total RO  Size (Code + RO Data)                41288 (  40.32kB)
    Total RW  Size (RW Data + ZI Data)              2968 (   2.90kB)
    Total ROM Size (Code + RO Data + RW Data)      41316 (  40.35kB)

==============================================================================

